Component: ARM Compiler 5.06 update 4 (build 422) Tool: armlink [4d35d2]

==============================================================================

Section Cross References

    main.o(i.Delay) refers to stm32f0xx_it.o(.data) for TimingDelay
    main.o(i.EXTI_Config) refers to stm32f0xx_rcc.o(i.RCC_AHBPeriphClockCmd) for RCC_AHBPeriphClockCmd
    main.o(i.EXTI_Config) refers to stm32f0xx_gpio.o(i.GPIO_Init) for GPIO_Init
    main.o(i.EXTI_Config) refers to stm32f0xx_rcc.o(i.RCC_APB2PeriphClockCmd) for RCC_APB2PeriphClockCmd
    main.o(i.EXTI_Config) refers to stm32f0xx_syscfg.o(i.SYSCFG_EXTILineConfig) for SYSCFG_EXTILineConfig
    main.o(i.EXTI_Config) refers to stm32f0xx_exti.o(i.EXTI_ClearITPendingBit) for EXTI_ClearITPendingBit
    main.o(i.EXTI_Config) refers to stm32f0xx_exti.o(i.EXTI_Init) for EXTI_Init
    main.o(i.EXTI_Config) refers to stm32f0xx_misc.o(i.NVIC_Init) for NVIC_Init
    main.o(i.GPIO_STOP) refers to stm32f0xx_rcc.o(i.RCC_AHBPeriphClockCmd) for RCC_AHBPeriphClockCmd
    main.o(i.GPIO_STOP) refers to stm32f0xx_gpio.o(i.GPIO_Write) for GPIO_Write
    main.o(i.GPIO_init1) refers to stm32f0xx_rcc.o(i.RCC_AHBPeriphClockCmd) for RCC_AHBPeriphClockCmd
    main.o(i.GPIO_init1) refers to stm32f0xx_gpio.o(i.GPIO_Init) for GPIO_Init
    main.o(i.GPIO_init1) refers to stm32f0xx_gpio.o(i.GPIO_SetBits) for GPIO_SetBits
    main.o(i.GetLSIFrequency) refers to stm32f0xx_rcc.o(i.RCC_APB1PeriphClockCmd) for RCC_APB1PeriphClockCmd
    main.o(i.GetLSIFrequency) refers to stm32f0xx_tim.o(i.TIM_DeInit) for TIM_DeInit
    main.o(i.GetLSIFrequency) refers to stm32f0xx_tim.o(i.TIM_PrescalerConfig) for TIM_PrescalerConfig
    main.o(i.GetLSIFrequency) refers to stm32f0xx_tim.o(i.TIM_RemapConfig) for TIM_RemapConfig
    main.o(i.GetLSIFrequency) refers to stm32f0xx_tim.o(i.TIM_ICInit) for TIM_ICInit
    main.o(i.GetLSIFrequency) refers to stm32f0xx_misc.o(i.NVIC_Init) for NVIC_Init
    main.o(i.GetLSIFrequency) refers to stm32f0xx_tim.o(i.TIM_Cmd) for TIM_Cmd
    main.o(i.GetLSIFrequency) refers to stm32f0xx_tim.o(i.TIM_ITConfig) for TIM_ITConfig
    main.o(i.GetLSIFrequency) refers to stm32f0xx_rcc.o(i.RCC_GetClocksFreq) for RCC_GetClocksFreq
    main.o(i.GetLSIFrequency) refers to aeabi_sdiv.o(.text) for __aeabi_uidivmod
    main.o(i.GetLSIFrequency) refers to stm32f0xx_it.o(.data) for CaptureNumber
    main.o(i.NRF_Eslestir) refers to _printf_pad.o(.text) for _printf_pre_padding
    main.o(i.NRF_Eslestir) refers to _printf_percent.o(.ARM.Collect$$_printf_percent$$00000000) for _printf_percent
    main.o(i.NRF_Eslestir) refers to _printf_u.o(.ARM.Collect$$_printf_percent$$0000000A) for _printf_u
    main.o(i.NRF_Eslestir) refers to _printf_dec.o(.text) for _printf_int_dec
    main.o(i.NRF_Eslestir) refers to 24l01.o(i.NRF24L01_TX_Mode) for NRF24L01_TX_Mode
    main.o(i.NRF_Eslestir) refers to main.o(i.delay) for delay
    main.o(i.NRF_Eslestir) refers to noretval__2sprintf.o(.text) for __2sprintf
    main.o(i.NRF_Eslestir) refers to 24l01.o(i.NRF24L01_TxPacket) for NRF24L01_TxPacket
    main.o(i.NRF_Eslestir) refers to 24l01.o(i.NRF24L01_RX_Mode) for NRF24L01_RX_Mode
    main.o(i.NRF_Eslestir) refers to 24l01.o(i.NRF24L01_RxPacket) for NRF24L01_RxPacket
    main.o(i.NRF_Eslestir) refers to main.o(i.led_yavas_flas) for led_yavas_flas
    main.o(i.NRF_Eslestir) refers to main.o(.bss) for giden
    main.o(i.NRF_Eslestir) refers to main.o(.data) for eslesme_tamam
    main.o(i.Perform_measurement) refers to stm32f0xx_adc.o(i.ADC_Cmd) for ADC_Cmd
    main.o(i.Perform_measurement) refers to stm32f0xx_adc.o(i.ADC_GetFlagStatus) for ADC_GetFlagStatus
    main.o(i.Perform_measurement) refers to stm32f0xx_adc.o(i.ADC_StartOfConversion) for ADC_StartOfConversion
    main.o(i.Perform_measurement) refers to stm32f0xx_adc.o(i.ADC_StopOfConversion) for ADC_StopOfConversion
    main.o(i.Perform_measurement) refers to aeabi_sdiv.o(.text) for __aeabi_uidivmod
    main.o(i.Perform_measurement) refers to fflti.o(.text) for __aeabi_ui2f
    main.o(i.Perform_measurement) refers to fdiv.o(.text) for __aeabi_fdiv
    main.o(i.Perform_measurement) refers to fmul.o(x$fpl$fmul) for __aeabi_fmul
    main.o(i.Perform_measurement) refers to si7021.o(i.Si7013_ReadNoHoldRHAndTemp) for Si7013_ReadNoHoldRHAndTemp
    main.o(i.Perform_measurement) refers to faddsub.o(x$fpl$fadd) for __aeabi_fadd
    main.o(i.Perform_measurement) refers to frlef.o(x$fpl$frleqf) for __aeabi_cfrcmple
    main.o(i.Perform_measurement) refers to main.o(.data) for adc_sayac
    main.o(i.Perform_measurement) refers to main.o(.bss) for data5
    main.o(i.RTC_AlarmConfig) refers to stm32f0xx_rtc.o(i.RTC_SetAlarm) for RTC_SetAlarm
    main.o(i.RTC_AlarmConfig) refers to stm32f0xx_rtc.o(i.RTC_SetTime) for RTC_SetTime
    main.o(i.RTC_AlarmConfig) refers to stm32f0xx_rtc.o(i.RTC_ITConfig) for RTC_ITConfig
    main.o(i.RTC_AlarmConfig) refers to stm32f0xx_rtc.o(i.RTC_AlarmCmd) for RTC_AlarmCmd
[...]
    .ARM.Collect$$libinit$$00000030          0x0800015c   Section        0  libinit2.o(.ARM.Collect$$libinit$$00000030)
    .ARM.Collect$$libinit$$00000032          0x0800015c   Section        0  libinit2.o(.ARM.Collect$$libinit$$00000032)
    .ARM.Collect$$libinit$$00000033          0x0800015c   Section        2  libinit2.o(.ARM.Collect$$libinit$$00000033)
    .ARM.Collect$$libshutdown$$00000000      0x0800015e   Section        2  libshutdown.o(.ARM.Collect$$libshutdown$$00000000)
    .ARM.Collect$$libshutdown$$00000002      0x08000160   Section        0  libshutdown2.o(.ARM.Collect$$libshutdown$$00000002)
    .ARM.Collect$$libshutdown$$00000004      0x08000160   Section        0  libshutdown2.o(.ARM.Collect$$libshutdown$$00000004)
    .ARM.Collect$$libshutdown$$00000007      0x08000160   Section        0  libshutdown2.o(.ARM.Collect$$libshutdown$$00000007)
    .ARM.Collect$$libshutdown$$0000000A      0x08000160   Section        0  libshutdown2.o(.ARM.Collect$$libshutdown$$0000000A)
    .ARM.Collect$$libshutdown$$0000000C      0x08000160   Section        0  libshutdown2.o(.ARM.Collect$$libshutdown$$0000000C)
    .ARM.Collect$$libshutdown$$0000000F      0x08000160   Section        0  libshutdown2.o(.ARM.Collect$$libshutdown$$0000000F)
    .ARM.Collect$$libshutdown$$00000010      0x08000160   Section        2  libshutdown2.o(.ARM.Collect$$libshutdown$$00000010)
    .ARM.Collect$$rtentry$$00000000          0x08000162   Section        0  __rtentry.o(.ARM.Collect$$rtentry$$00000000)
    .ARM.Collect$$rtentry$$00000002          0x08000162   Section        0  __rtentry2.o(.ARM.Collect$$rtentry$$00000002)
    .ARM.Collect$$rtentry$$00000004          0x08000162   Section        6  __rtentry4.o(.ARM.Collect$$rtentry$$00000004)
    .ARM.Collect$$rtentry$$00000009          0x08000168   Section        0  __rtentry2.o(.ARM.Collect$$rtentry$$00000009)
    .ARM.Collect$$rtentry$$0000000A          0x08000168   Section        4  __rtentry2.o(.ARM.Collect$$rtentry$$0000000A)
    .ARM.Collect$$rtentry$$0000000C          0x0800016c   Section        0  __rtentry2.o(.ARM.Collect$$rtentry$$0000000C)
    .ARM.Collect$$rtentry$$0000000D          0x0800016c   Section        8  __rtentry2.o(.ARM.Collect$$rtentry$$0000000D)
    .ARM.Collect$$rtexit$$00000000           0x08000174   Section        2  rtexit.o(.ARM.Collect$$rtexit$$00000000)
    .ARM.Collect$$rtexit$$00000002           0x08000176   Section        0  rtexit2.o(.ARM.Collect$$rtexit$$00000002)
    .ARM.Collect$$rtexit$$00000003           0x08000176   Section        4  rtexit2.o(.ARM.Collect$$rtexit$$00000003)
    .ARM.Collect$$rtexit$$00000004           0x0800017a   Section        6  rtexit2.o(.ARM.Collect$$rtexit$$00000004)
    .text                                    0x08000180   Section      116  startup_stm32f030.o(.text)
    .text                                    0x080001f4   Section        0  noretval__2sprintf.o(.text)
    .text                                    0x0800021c   Section        0  _printf_pad.o(.text)
    .text                                    0x0800026c   Section        0  _printf_dec.o(.text)
    .text                                    0x080002d8   Section        0  __printf_flags_wp.o(.text)
    .text                                    0x08000410   Section      346  aeabi_sdiv.o(.text)
    .text                                    0x0800056a   Section        0  heapauxi.o(.text)
    .text                                    0x08000570   Section        0  f2d.o(.text)
    .text                                    0x080005c4   Section        0  fdiv.o(.text)
    .text                                    0x08000724   Section        0  fflti.o(.text)
    .text                                    0x08000782   Section        0  _printf_intcommon.o(.text)
    .text                                    0x08000834   Section        0  _printf_fp_dec.o(.text)
    _fp_digits                               0x08000837   Thumb Code   408  _printf_fp_dec.o(.text)
    .text                                    0x08000c48   Section        0  _printf_char_common.o(.text)
    _printf_input_char                       0x08000c49   Thumb Code    10  _printf_char_common.o(.text)
    .text                                    0x08000c78   Section        0  _sputc.o(.text)
    .text                                    0x08000c82   Section        0  rtudiv10.o(.text)
    .text                                    0x08000cac   Section        0  fcmpin.o(.text)
    .text                                    0x08000d10   Section        8  rt_locale_intlibspace.o(.text)
    .text                                    0x08000d18   Section        0  lludiv10.o(.text)
    .text                                    0x08000d94   Section        0  _printf_fp_infnan.o(.text)
    .text                                    0x08000e1c   Section        0  bigflt0.o(.text)
    .text                                    0x08000ee4   Section        0  btod.o(.text)
    btod_internal_mul                        0x08000f25   Thumb Code   456  btod.o(.text)
    btod_internal_div                        0x080010ed   Thumb Code   494  btod.o(.text)
    .text                                    0x080013ac   Section        0  cmpret.o(.text)
    .text                                    0x080013dc   Section        0  fnan2.o(.text)
    .text                                    0x080013ec   Section        8  libspace.o(.text)
    .text                                    0x080013f4   Section       62  sys_stackheap_outer.o(.text)
    .text                                    0x08001432   Section        0  exit.o(.text)
    .text                                    0x08001444   Section        0  strcmp.o(.text)
    .text                                    0x080014cc   Section        0  retnan.o(.text)
    .text                                    0x0800152c   Section        0  sys_exit.o(.text)
    .text                                    0x08001538   Section        2  use_no_semi.o(.text)
    .text                                    0x0800153a   Section        0  indicate_semi.o(.text)
    i.ADC1_IRQHandler                        0x0800153c   Section        0  stm32f0xx_it.o(i.ADC1_IRQHandler)
    i.ADC_ChannelConfig                      0x080015a4   Section        0  stm32f0xx_adc.o(i.ADC_ChannelConfig)
    i.ADC_ClearITPendingBit                  0x080015bc   Section        0  stm32f0xx_adc.o(i.ADC_ClearITPendingBit)
    i.ADC_ClockModeConfig                    0x080015c0   Section        0  stm32f0xx_adc.o(i.ADC_ClockModeConfig)
    i.ADC_Cmd                                0x080015c4   Section        0  stm32f0xx_adc.o(i.ADC_Cmd)
    i.ADC_GetCalibrationFactor               0x080015dc   Section        0  stm32f0xx_adc.o(i.ADC_GetCalibrationFactor)
    i.ADC_GetConversionValue                 0x08001618   Section        0  stm32f0xx_adc.o(i.ADC_GetConversionValue)
    i.ADC_GetFlagStatus                      0x08001620   Section        0  stm32f0xx_adc.o(i.ADC_GetFlagStatus)
    i.ADC_ITConfig                           0x08001650   Section        0  stm32f0xx_adc.o(i.ADC_ITConfig)
    i.ADC_Init                               0x08001664   Section        0  stm32f0xx_adc.o(i.ADC_Init)
    i.ADC_StartOfConversion                  0x08001690   Section        0  stm32f0xx_adc.o(i.ADC_StartOfConversion)
    i.ADC_StopOfConversion                   0x0800169a   Section        0  stm32f0xx_adc.o(i.ADC_StopOfConversion)
    i.ADC_VrefintCmd                         0x080016a4   Section        0  stm32f0xx_adc.o(i.ADC_VrefintCmd)
    i.DBGMCU_Config                          0x080016cc   Section        0  stm32f0xx_dbgmcu.o(i.DBGMCU_Config)
    i.Delay                                  0x080016ec   Section        0  main.o(i.Delay)
    i.EXTI0_1_IRQHandler                     0x08001704   Section        0  stm32f0xx_it.o(i.EXTI0_1_IRQHandler)
    i.EXTI4_15_IRQHandler                    0x08001724   Section        0  stm32f0xx_it.o(i.EXTI4_15_IRQHandler)
    i.EXTI_ClearITPendingBit                 0x08001760   Section        0  stm32f0xx_exti.o(i.EXTI_ClearITPendingBit)
    i.EXTI_Config                            0x0800176c   Section        0  main.o(i.EXTI_Config)
    EXTI_Config                              0x0800176d   Thumb Code   208  main.o(i.EXTI_Config)
    i.EXTI_GetITStatus                       0x08001840   Section        0  stm32f0xx_exti.o(i.EXTI_GetITStatus)
    i.EXTI_Init                              0x0800185c   Section        0  stm32f0xx_exti.o(i.EXTI_Init)
    i.GPIO_Init                              0x080018e4   Section        0  stm32f0xx_gpio.o(i.GPIO_Init)
    i.GPIO_PinAFConfig                       0x08001974   Section        0  stm32f0xx_gpio.o(i.GPIO_PinAFConfig)
    i.GPIO_ReadOutputDataBit                 0x080019b8   Section        0  stm32f0xx_gpio.o(i.GPIO_ReadOutputDataBit)
    i.GPIO_ResetBits                         0x080019cc   Section        0  stm32f0xx_gpio.o(i.GPIO_ResetBits)
    i.GPIO_STOP                              0x080019d0   Section        0  main.o(i.GPIO_STOP)
    i.GPIO_SetBits                           0x08001a10   Section        0  stm32f0xx_gpio.o(i.GPIO_SetBits)
    i.GPIO_Write                             0x08001a14   Section        0  stm32f0xx_gpio.o(i.GPIO_Write)
    i.GPIO_WriteBit                          0x08001a18   Section        0  stm32f0xx_gpio.o(i.GPIO_WriteBit)
    i.GPIO_init1                             0x08001a24   Section        0  main.o(i.GPIO_init1)
    i.GetLSIFrequency                        0x08001aa0   Section        0  main.o(i.GetLSIFrequency)
    GetLSIFrequency                          0x08001aa1   Thumb Code   146  main.o(i.GetLSIFrequency)
    i.HardFault_Handler                      0x08001b40   Section        0  stm32f0xx_it.o(i.HardFault_Handler)
    i.I2C_ClearFlag                          0x08001b44   Section        0  stm32f0xx_i2c.o(i.I2C_ClearFlag)
    i.I2C_Cmd                                0x08001b48   Section        0  stm32f0xx_i2c.o(i.I2C_Cmd)
    i.I2C_GetFlagStatus                      0x08001b60   Section        0  stm32f0xx_i2c.o(i.I2C_GetFlagStatus)
    i.I2C_Init                               0x08001b7c   Section        0  stm32f0xx_i2c.o(i.I2C_Init)
    i.I2C_Read                               0x08001be8   Section        0  si7021.o(i.I2C_Read)
    i.I2C_ReceiveData                        0x08001ca8   Section        0  stm32f0xx_i2c.o(i.I2C_ReceiveData)
    i.I2C_SendData                           0x08001cb0   Section        0  stm32f0xx_i2c.o(i.I2C_SendData)
    i.I2C_TransferHandling                   0x08001cb4   Section        0  stm32f0xx_i2c.o(i.I2C_TransferHandling)
    i.NMI_Handler                            0x08001ce0   Section        0  stm32f0xx_it.o(i.NMI_Handler)
    i.NRF24L01_Init                          0x08001ce2   Section        0  24l01.o(i.NRF24L01_Init)
    i.NRF24L01_RX_Mode                       0x08001d24   Section        0  24l01.o(i.NRF24L01_RX_Mode)
    i.NRF24L01_Read_Buf                      0x08001d84   Section        0  24l01.o(i.NRF24L01_Read_Buf)
    i.NRF24L01_Read_Reg                      0x08001dcc   Section        0  24l01.o(i.NRF24L01_Read_Reg)
    i.NRF24L01_RxPacket                      0x08001e0c   Section        0  24l01.o(i.NRF24L01_RxPacket)
    i.NRF24L01_SLEEP_Mode                    0x08001e70   Section        0  24l01.o(i.NRF24L01_SLEEP_Mode)
    i.NRF24L01_SPI_Init                      0x08001e88   Section        0  24l01.o(i.NRF24L01_SPI_Init)
    i.NRF24L01_TX_Mode                       0x08001edc   Section        0  24l01.o(i.NRF24L01_TX_Mode)
    i.NRF24L01_TxPacket                      0x08001f48   Section        0  24l01.o(i.NRF24L01_TxPacket)
    i.NRF24L01_WAKEUP_Mode                   0x08001fb0   Section        0  24l01.o(i.NRF24L01_WAKEUP_Mode)
    i.NRF24L01_Write_Buf                     0x08001fd8   Section        0  24l01.o(i.NRF24L01_Write_Buf)
    i.NRF24L01_Write_Reg                     0x08002028   Section        0  24l01.o(i.NRF24L01_Write_Reg)
    i.NRF_Eslestir                           0x08002074   Section        0  main.o(i.NRF_Eslestir)
    i.NVIC_Init                              0x080020f4   Section        0  stm32f0xx_misc.o(i.NVIC_Init)
    i.NVIC_SetPriority                       0x08002164   Section        0  main.o(i.NVIC_SetPriority)
    NVIC_SetPriority                         0x08002165   Thumb Code   110  main.o(i.NVIC_SetPriority)
    i.PWR_BackupAccessCmd                    0x080021dc   Section        0  stm32f0xx_pwr.o(i.PWR_BackupAccessCmd)
    i.PWR_EnterSTOPMode                      0x08002204   Section        0  stm32f0xx_pwr.o(i.PWR_EnterSTOPMode)
    i.PendSV_Handler                         0x08002268   Section        0  stm32f0xx_it.o(i.PendSV_Handler)
    i.Perform_measurement                    0x0800226c   Section        0  main.o(i.Perform_measurement)
    i.RCC_AHBPeriphClockCmd                  0x08002468   Section        0  stm32f0xx_rcc.o(i.RCC_AHBPeriphClockCmd)
    i.RCC_APB1PeriphClockCmd                 0x08002488   Section        0  stm32f0xx_rcc.o(i.RCC_APB1PeriphClockCmd)
    i.RCC_APB1PeriphResetCmd                 0x080024a8   Section        0  stm32f0xx_rcc.o(i.RCC_APB1PeriphResetCmd)
    i.RCC_APB2PeriphClockCmd                 0x080024c8   Section        0  stm32f0xx_rcc.o(i.RCC_APB2PeriphClockCmd)
    i.RCC_APB2PeriphResetCmd                 0x080024e8   Section        0  stm32f0xx_rcc.o(i.RCC_APB2PeriphResetCmd)
    i.RCC_BackupResetCmd                     0x08002508   Section        0  stm32f0xx_rcc.o(i.RCC_BackupResetCmd)
    i.RCC_GetClocksFreq                      0x08002530   Section        0  stm32f0xx_rcc.o(i.RCC_GetClocksFreq)
    i.RCC_GetFlagStatus                      0x08002720   Section        0  stm32f0xx_rcc.o(i.RCC_GetFlagStatus)
    i.RCC_GetSYSCLKSource                    0x08002768   Section        0  stm32f0xx_rcc.o(i.RCC_GetSYSCLKSource)
    i.RCC_HSICmd                             0x08002778   Section        0  stm32f0xx_rcc.o(i.RCC_HSICmd)
    i.RCC_I2CCLKConfig                       0x0800279c   Section        0  stm32f0xx_rcc.o(i.RCC_I2CCLKConfig)
    i.RCC_LSICmd                             0x080027b8   Section        0  stm32f0xx_rcc.o(i.RCC_LSICmd)
    i.RCC_PLLCmd                             0x080027dc   Section        0  stm32f0xx_rcc.o(i.RCC_PLLCmd)
    i.RCC_RTCCLKCmd                          0x08002804   Section        0  stm32f0xx_rcc.o(i.RCC_RTCCLKCmd)
    i.RCC_RTCCLKConfig                       0x0800282c   Section        0  stm32f0xx_rcc.o(i.RCC_RTCCLKConfig)
    i.RCC_SYSCLKConfig                       0x0800283c   Section        0  stm32f0xx_rcc.o(i.RCC_SYSCLKConfig)
    i.RTC_AlarmCmd                           0x08002858   Section        0  stm32f0xx_rtc.o(i.RTC_AlarmCmd)
    i.RTC_AlarmConfig                        0x080028c8   Section        0  main.o(i.RTC_AlarmConfig)
    RTC_AlarmConfig                          0x080028c9   Thumb Code    96  main.o(i.RTC_AlarmConfig)
    i.RTC_Bcd2ToByte                         0x0800292c   Section        0  stm32f0xx_rtc.o(i.RTC_Bcd2ToByte)
    RTC_Bcd2ToByte                           0x0800292d   Thumb Code    26  stm32f0xx_rtc.o(i.RTC_Bcd2ToByte)
    i.RTC_ByteToBcd2                         0x08002946   Section        0  stm32f0xx_rtc.o(i.RTC_ByteToBcd2)
    RTC_ByteToBcd2                           0x08002947   Thumb Code    28  stm32f0xx_rtc.o(i.RTC_ByteToBcd2)
    i.RTC_ClearITPendingBit                  0x08002964   Section        0  stm32f0xx_rtc.o(i.RTC_ClearITPendingBit)
    i.RTC_Config                             0x08002988   Section        0  main.o(i.RTC_Config)
    RTC_Config                               0x08002989   Thumb Code   194  main.o(i.RTC_Config)
    i.RTC_DeInit                             0x08002a4c   Section        0  stm32f0xx_rtc.o(i.RTC_DeInit)
    i.RTC_EnterInitMode                      0x08002ac0   Section        0  stm32f0xx_rtc.o(i.RTC_EnterInitMode)
    i.RTC_ExitInitMode                       0x08002b18   Section        0  stm32f0xx_rtc.o(i.RTC_ExitInitMode)
    i.RTC_GetITStatus                        0x08002b2c   Section        0  stm32f0xx_rtc.o(i.RTC_GetITStatus)
    i.RTC_IRQHandler                         0x08002b78   Section        0  stm32f0xx_it.o(i.RTC_IRQHandler)
    i.RTC_ITConfig                           0x08002b98   Section        0  stm32f0xx_rtc.o(i.RTC_ITConfig)
    i.RTC_Init                               0x08002bfc   Section        0  stm32f0xx_rtc.o(i.RTC_Init)
    i.RTC_SetAlarm                           0x08002c54   Section        0  stm32f0xx_rtc.o(i.RTC_SetAlarm)
    i.RTC_SetTime                            0x08002d2c   Section        0  stm32f0xx_rtc.o(i.RTC_SetTime)
    i.RTC_WaitForSynchro                     0x08002e04   Section        0  stm32f0xx_rtc.o(i.RTC_WaitForSynchro)
    i.SPI1_Init                              0x08002e70   Section        0  spi.o(i.SPI1_Init)
    i.SPI1_ReadWriteByte                     0x08002ef0   Section        0  spi.o(i.SPI1_ReadWriteByte)
    i.SPI_Cmd                                0x08002f2c   Section        0  stm32f0xx_spi.o(i.SPI_Cmd)
    i.SPI_I2S_GetFlagStatus                  0x08002f48   Section        0  stm32f0xx_spi.o(i.SPI_I2S_GetFlagStatus)
    i.SPI_Init                               0x08002f5c   Section        0  stm32f0xx_spi.o(i.SPI_Init)
    i.SPI_ReceiveData8                       0x08002fb4   Section        0  stm32f0xx_spi.o(i.SPI_ReceiveData8)
    i.SPI_RxFIFOThresholdConfig              0x08002fc0   Section        0  stm32f0xx_spi.o(i.SPI_RxFIFOThresholdConfig)
    i.SPI_SendData8                          0x08002fd4   Section        0  stm32f0xx_spi.o(i.SPI_SendData8)
    i.SVC_Handler                            0x08002fde   Section        0  stm32f0xx_it.o(i.SVC_Handler)
    i.SYSCFG_EXTILineConfig                  0x08002fe0   Section        0  stm32f0xx_syscfg.o(i.SYSCFG_EXTILineConfig)
    i.SYSCLKConfig_STOP                      0x08003020   Section        0  main.o(i.SYSCLKConfig_STOP)
    SYSCLKConfig_STOP                        0x08003021   Thumb Code    56  main.o(i.SYSCLKConfig_STOP)
    i.SetSysClock                            0x08003058   Section        0  system_stm32f0xx.o(i.SetSysClock)
    SetSysClock                              0x08003059   Thumb Code   118  system_stm32f0xx.o(i.SetSysClock)
    i.Si7013_ReadNoHoldRHAndTemp             0x080030d8   Section        0  si7021.o(i.Si7013_ReadNoHoldRHAndTemp)
    i.SysTick_Config                         0x08003128   Section        0  main.o(i.SysTick_Config)
    SysTick_Config                           0x08003129   Thumb Code    44  main.o(i.SysTick_Config)
    i.SysTick_Handler                        0x0800315c   Section        0  stm32f0xx_it.o(i.SysTick_Handler)
    i.SystemInit                             0x0800317c   Section        0  system_stm32f0xx.o(i.SystemInit)
    i.TI1_Config                             0x080031f8   Section        0  stm32f0xx_tim.o(i.TI1_Config)
    TI1_Config                               0x080031f9   Thumb Code    52  stm32f0xx_tim.o(i.TI1_Config)
    i.TI2_Config                             0x08003230   Section        0  stm32f0xx_tim.o(i.TI2_Config)
    TI2_Config                               0x08003231   Thumb Code    66  stm32f0xx_tim.o(i.TI2_Config)
    i.TI3_Config                             0x0800327c   Section        0  stm32f0xx_tim.o(i.TI3_Config)
    TI3_Config                               0x0800327d   Thumb Code    64  stm32f0xx_tim.o(i.TI3_Config)
    i.TI4_Config                             0x080032c4   Section        0  stm32f0xx_tim.o(i.TI4_Config)
    TI4_Config                               0x080032c5   Thumb Code    66  stm32f0xx_tim.o(i.TI4_Config)
    i.TIM14_IRQHandler                       0x08003314   Section        0  stm32f0xx_it.o(i.TIM14_IRQHandler)
    i.TIM3_IRQHandler                        0x080033b0   Section        0  stm32f0xx_it.o(i.TIM3_IRQHandler)
    i.TIM_ClearFlag                          0x080033fc   Section        0  stm32f0xx_tim.o(i.TIM_ClearFlag)
    i.TIM_ClearITPendingBit                  0x08003402   Section        0  stm32f0xx_tim.o(i.TIM_ClearITPendingBit)
    i.TIM_Cmd                                0x08003408   Section        0  stm32f0xx_tim.o(i.TIM_Cmd)
    i.TIM_DeInit                             0x08003424   Section        0  stm32f0xx_tim.o(i.TIM_DeInit)
    i.TIM_GetCapture1                        0x08003528   Section        0  stm32f0xx_tim.o(i.TIM_GetCapture1)
    i.TIM_GetITStatus                        0x0800352e   Section        0  stm32f0xx_tim.o(i.TIM_GetITStatus)
    i.TIM_ICInit                             0x08003554   Section        0  stm32f0xx_tim.o(i.TIM_ICInit)
    i.TIM_ITConfig                           0x080035c4   Section        0  stm32f0xx_tim.o(i.TIM_ITConfig)
    i.TIM_PrescalerConfig                    0x080035d8   Section        0  stm32f0xx_tim.o(i.TIM_PrescalerConfig)
    i.TIM_RemapConfig                        0x080035de   Section        0  stm32f0xx_tim.o(i.TIM_RemapConfig)
    i.TIM_SetIC1Prescaler                    0x080035e4   Section        0  stm32f0xx_tim.o(i.TIM_SetIC1Prescaler)
    i.TIM_SetIC2Prescaler                    0x080035f8   Section        0  stm32f0xx_tim.o(i.TIM_SetIC2Prescaler)
    i.TIM_SetIC3Prescaler                    0x08003610   Section        0  stm32f0xx_tim.o(i.TIM_SetIC3Prescaler)
    i.TIM_SetIC4Prescaler                    0x08003624   Section        0  stm32f0xx_tim.o(i.TIM_SetIC4Prescaler)
    i.TIM_TimeBaseInit                       0x0800363c   Section        0  stm32f0xx_tim.o(i.TIM_TimeBaseInit)
    i.__ARM_common_ll_muluu                  0x080036b8   Section        0  btod.o(i.__ARM_common_ll_muluu)
    i.__ARM_fpclassify                       0x080036e8   Section        0  fpclassify.o(i.__ARM_fpclassify)
    i._is_digit                              0x08003714   Section        0  __printf_wp.o(i._is_digit)
    i.delay                                  0x08003722   Section        0  main.o(i.delay)
    i.delay_us1                              0x0800377a   Section        0  24l01.o(i.delay_us1)
    i.init_Adc                               0x08003794   Section        0  main.o(i.init_Adc)
    i.init_I2C1                              0x08003848   Section        0  main.o(i.init_I2C1)
    i.led_yavas_flas                         0x080038c4   Section        0  main.o(i.led_yavas_flas)
    i.main                                   0x0800394c   Section        0  main.o(i.main)
    i.mySPI_GetData                          0x08003b00   Section        0  spi.o(i.mySPI_GetData)
    locale$$code                             0x08003b48   Section       44  lc_numeric_c.o(locale$$code)
    x$fpl$fadd                               0x08003b74   Section      140  faddsub.o(x$fpl$fadd)
    _fadd1                                   0x08003b81   Thumb Code     0  faddsub.o(x$fpl$fadd)
    x$fpl$fmul                               0x08003c00   Section      176  fmul.o(x$fpl$fmul)
    x$fpl$frleqf                             0x08003cb0   Section       88  frlef.o(x$fpl$frleqf)
    x$fpl$fsub                               0x08003d08   Section      208  faddsub.o(x$fpl$fsub)
    _fsub1                                   0x08003d15   Thumb Code     0  faddsub.o(x$fpl$fsub)
    x$fpl$printf1                            0x08003dd8   Section       16  printf1.o(x$fpl$printf1)
    .constdata                               0x08003de8   Section       15  24l01.o(.constdata)
    x$fpl$usenofp                            0x08003de8   Section        0  usenofp.o(x$fpl$usenofp)
    .constdata                               0x08003df7   Section       17  __printf_flags_wp.o(.constdata)
    maptable                                 0x08003df7   Data          17  __printf_flags_wp.o(.constdata)
    .constdata                               0x08003e08   Section       64  fdiv.o(.constdata)
    fdiv_tab                                 0x08003e08   Data          64  fdiv.o(.constdata)
    .constdata                               0x08003e48   Section      148  bigflt0.o(.constdata)
    tenpwrs_x                                0x08003e48   Data          60  bigflt0.o(.constdata)
    tenpwrs_i                                0x08003e84   Data          64  bigflt0.o(.constdata)
    locale$$data                             0x08003efc   Section       28  lc_numeric_c.o(locale$$data)
    __lcnum_c_name                           0x08003f00   Data           2  lc_numeric_c.o(locale$$data)
    __lcnum_c_start                          0x08003f08   Data           0  lc_numeric_c.o(locale$$data)
    __lcnum_c_point                          0x08003f14   Data           0  lc_numeric_c.o(locale$$data)
    __lcnum_c_thousands                      0x08003f16   Data           0  lc_numeric_c.o(locale$$data)
    __lcnum_c_grouping                       0x08003f17   Data           0  lc_numeric_c.o(locale$$data)
    __lcnum_c_end                            0x08003f18   Data           0  lc_numeric_c.o(locale$$data)
    .data                                    0x20000000   Section       64  main.o(.data)
    .data                                    0x20000040   Section       20  system_stm32f0xx.o(.data)
    .data                                    0x20000054   Section       16  stm32f0xx_rcc.o(.data)
    APBAHBPrescTable                         0x20000054   Data          16  stm32f0xx_rcc.o(.data)
    .data                                    0x20000064   Section       30  stm32f0xx_it.o(.data)
    .data                                    0x20000084   Section       16  24l01.o(.data)
    .bss                                     0x20000094   Section      424  main.o(.bss)
    .bss                                     0x2000023c   Section       96  libspace.o(.bss)
    HEAP                                     0x200002a0   Section      512  startup_stm32f030.o(HEAP)
    Heap_Mem                                 0x200002a0   Data         512  startup_stm32f030.o(HEAP)
    STACK                                    0x200004a0   Section     1024  startup_stm32f030.o(STACK)
    Stack_Mem                                0x200004a0   Data        1024  startup_stm32f030.o(STACK)
    __initial_sp                             0x200008a0   Data           0  startup_stm32f030.o(STACK)

    Global Symbols

    Symbol Name                              Value     Ov Type        Size  Object(Section)

    BuildAttributes$$THM_ISAv3M$S$PE$A:L22$X:L11$S22$IEEE1$IW$USESV6$~STKCKD$USESV7$~SHL$OTIME$ROPI$IEEEJ$EBA8$UX$STANDARDLIB$REQ8$PRES8$EABIv2 0x00000000   Number         0  anon$$obj.o ABSOLUTE
    __ARM_use_no_argv                        0x00000000   Number         0  main.o ABSOLUTE
    _printf_flags                            0x00000000   Number         0  printf_stubs.o ABSOLUTE
    _printf_return_value                     0x00000000   Number         0  printf_stubs.o ABSOLUTE
    _printf_sizespec                         0x00000000   Number         0  printf_stubs.o ABSOLUTE
    _printf_widthprec                        0x00000000   Number         0  printf_stubs.o ABSOLUTE
    __ARM_exceptions_init                     - Undefined Weak Reference
    __alloca_initialize                       - Undefined Weak Reference
    __arm_preinit_                            - Undefined Weak Reference
    __cpp_initialize__aeabi_                  - Undefined Weak Reference
    __cxa_finalize                            - Undefined Weak Reference
    __sigvec_lookup                           - Undefined Weak Reference
    _atexit_init                              - Undefined Weak Reference
    _call_atexit_fns                          - Undefined Weak Reference
    _clock_init                               - Undefined Weak Reference
    _fp_trap_init                             - Undefined Weak Reference
    _fp_trap_shutdown                         - Undefined Weak Reference
    _get_lc_collate                           - Undefined Weak Reference
    _get_lc_ctype                             - Undefined Weak Reference
    _get_lc_monetary                          - Undefined Weak Reference
    _get_lc_time                              - Undefined Weak Reference
    _getenv_init                              - Undefined Weak Reference
    _handle_redirection                       - Undefined Weak Reference
    _init_alloc                               - Undefined Weak Reference
    _init_user_alloc                          - Undefined Weak Reference
    _initio                                   - Undefined Weak Reference
    _printf_truncate_signed                   - Undefined Weak Reference
    _printf_truncate_unsigned                 - Undefined Weak Reference
    _rand_init                                - Undefined Weak Reference
    _signal_finish                            - Undefined Weak Reference
    _signal_init                              - Undefined Weak Reference
    _terminate_alloc                          - Undefined Weak Reference
    _terminate_user_alloc                     - Undefined Weak Reference
    _terminateio                              - Undefined Weak Reference
    __Vectors_Size                           0x000000b4   Number         0  startup_stm32f030.o ABSOLUTE
    __Vectors                                0x08000000   Data           4  startup_stm32f030.o(RESET)
    __Vectors_End                            0x080000b4   Data           0  startup_stm32f030.o(RESET)
    __main                                   0x080000b5   Thumb Code     8  __main.o(!!!main)
    __scatterload                            0x080000bd   Thumb Code     0  __scatter.o(!!!scatter)
    __scatterload_rt2                        0x080000bd   Thumb Code    52  __scatter.o(!!!scatter)
    __scatterload_rt2_thumb_only             0x080000bd   Thumb Code     0  __scatter.o(!!!scatter)
    __scatterload_null                       0x080000cd   Thumb Code     0  __scatter.o(!!!scatter)
    __scatterload_copy                       0x080000f9   Thumb Code    26  __scatter_copy.o(!!handler_copy)
    __scatterload_zeroinit                   0x08000115   Thumb Code    28  __scatter_zi.o(!!handler_zi)
    _printf_percent                          0x08000131   Thumb Code     0  _printf_percent.o(.ARM.Collect$$_printf_percent$$00000000)
    _printf_f                                0x08000133   Thumb Code     0  _printf_f.o(.ARM.Collect$$_printf_percent$$00000003)
    _printf_u                                0x0800013d   Thumb Code     0  _printf_u.o(.ARM.Collect$$_printf_percent$$0000000A)
    _printf_percent_end                      0x08000147   Thumb Code     0  _printf_percent_end.o(.ARM.Collect$$_printf_percent$$00000017)
    __rt_lib_init                            0x0800014b   Thumb Code     0  libinit.o(.ARM.Collect$$libinit$$00000000)
    __rt_lib_init_fp_1                       0x0800014d   Thumb Code     0  libinit2.o(.ARM.Collect$$libinit$$00000002)
    __rt_lib_init_heap_1                     0x0800014d   Thumb Code     0  libinit2.o(.ARM.Collect$$libinit$$0000000A)
    __rt_lib_init_lc_common                  0x0800014d   Thumb Code     0  libinit2.o(.ARM.Collect$$libinit$$0000000F)
    __rt_lib_init_preinit_1                  0x0800014d   Thumb Code     0  libinit2.o(.ARM.Collect$$libinit$$00000004)
    __rt_lib_init_rand_1                     0x0800014d   Thumb Code     0  libinit2.o(.ARM.Collect$$libinit$$0000000E)
    __rt_lib_init_user_alloc_1               0x0800014d   Thumb Code     0  libinit2.o(.ARM.Collect$$libinit$$0000000C)
    __rt_lib_init_lc_collate_1               0x08000153   Thumb Code     0  libinit2.o(.ARM.Collect$$libinit$$00000011)
    __rt_lib_init_lc_ctype_1                 0x08000153   Thumb Code     0  libinit2.o(.ARM.Collect$$libinit$$00000013)
    __rt_lib_init_lc_monetary_1              0x08000153   Thumb Code     0  libinit2.o(.ARM.Collect$$libinit$$00000015)
    __rt_lib_init_lc_numeric_2               0x08000153   Thumb Code     0  libinit2.o(.ARM.Collect$$libinit$$00000016)
    __rt_lib_init_alloca_1                   0x0800015d   Thumb Code     0  libinit2.o(.ARM.Collect$$libinit$$0000002E)
    __rt_lib_init_argv_1                     0x0800015d   Thumb Code     0  libinit2.o(.ARM.Collect$$libinit$$0000002C)
    __rt_lib_init_atexit_1                   0x0800015d   Thumb Code     0  libinit2.o(.ARM.Collect$$libinit$$0000001B)
    __rt_lib_init_clock_1                    0x0800015d   Thumb Code     0  libinit2.o(.ARM.Collect$$libinit$$00000021)
    __rt_lib_init_cpp_1                      0x0800015d   Thumb Code     0  libinit2.o(.ARM.Collect$$libinit$$00000032)
    __rt_lib_init_exceptions_1               0x0800015d   Thumb Code     0  libinit2.o(.ARM.Collect$$libinit$$00000030)
    __rt_lib_init_fp_trap_1                  0x0800015d   Thumb Code     0  libinit2.o(.ARM.Collect$$libinit$$0000001F)
    __rt_lib_init_getenv_1                   0x0800015d   Thumb Code     0  libinit2.o(.ARM.Collect$$libinit$$00000023)
    __rt_lib_init_lc_numeric_1               0x0800015d   Thumb Code     0  libinit2.o(.ARM.Collect$$libinit$$00000017)
    __rt_lib_init_lc_time_1                  0x0800015d   Thumb Code     0  libinit2.o(.ARM.Collect$$libinit$$00000019)
    __rt_lib_init_return                     0x0800015d   Thumb Code     0  libinit2.o(.ARM.Collect$$libinit$$00000033)
    __rt_lib_init_signal_1                   0x0800015d   Thumb Code     0  libinit2.o(.ARM.Collect$$libinit$$0000001D)
    __rt_lib_init_stdio_1                    0x0800015d   Thumb Code     0  libinit2.o(.ARM.Collect$$libinit$$00000025)
    __rt_lib_shutdown                        0x0800015f   Thumb Code     0  libshutdown.o(.ARM.Collect$$libshutdown$$00000000)
    __rt_lib_shutdown_cpp_1                  0x08000161   Thumb Code     0  libshutdown2.o(.ARM.Collect$$libshutdown$$00000002)
    __rt_lib_shutdown_fp_trap_1              0x08000161   Thumb Code     0  libshutdown2.o(.ARM.Collect$$libshutdown$$00000007)
    __rt_lib_shutdown_heap_1                 0x08000161   Thumb Code     0  libshutdown2.o(.ARM.Collect$$libshutdown$$0000000F)
    __rt_lib_shutdown_return                 0x08000161   Thumb Code     0  libshutdown2.o(.ARM.Collect$$libshutdown$$00000010)
    __rt_lib_shutdown_signal_1               0x08000161   Thumb Code     0  libshutdown2.o(.ARM.Collect$$libshutdown$$0000000A)
    __rt_lib_shutdown_stdio_1                0x08000161   Thumb Code     0  libshutdown2.o(.ARM.Collect$$libshutdown$$00000004)
    __rt_lib_shutdown_user_alloc_1           0x08000161   Thumb Code     0  libshutdown2.o(.ARM.Collect$$libshutdown$$0000000C)
    __rt_entry                               0x08000163   Thumb Code     0  __rtentry.o(.ARM.Collect$$rtentry$$00000000)
    __rt_entry_presh_1                       0x08000163   Thumb Code     0  __rtentry2.o(.ARM.Collect$$rtentry$$00000002)
    __rt_entry_sh                            0x08000163   Thumb Code     0  __rtentry4.o(.ARM.Collect$$rtentry$$00000004)
    __rt_entry_li                            0x08000169   Thumb Code     0  __rtentry2.o(.ARM.Collect$$rtentry$$0000000A)
    __rt_entry_postsh_1                      0x08000169   Thumb Code     0  __rtentry2.o(.ARM.Collect$$rtentry$$00000009)
    __rt_entry_main                          0x0800016d   Thumb Code     0  __rtentry2.o(.ARM.Collect$$rtentry$$0000000D)
    __rt_entry_postli_1                      0x0800016d   Thumb Code     0  __rtentry2.o(.ARM.Collect$$rtentry$$0000000C)
    __rt_exit                                0x08000175   Thumb Code     0  rtexit.o(.ARM.Collect$$rtexit$$00000000)
    __rt_exit_ls                             0x08000177   Thumb Code     0  rtexit2.o(.ARM.Collect$$rtexit$$00000003)
    __rt_exit_prels_1                        0x08000177   Thumb Code     0  rtexit2.o(.ARM.Collect$$rtexit$$00000002)
    __rt_exit_exit                           0x0800017b   Thumb Code     0  rtexit2.o(.ARM.Collect$$rtexit$$00000004)
    Reset_Handler                            0x08000181   Thumb Code    38  startup_stm32f030.o(.text)
    DMA1_Channel1_IRQHandler                 0x080001b1   Thumb Code     0  startup_stm32f030.o(.text)
    DMA1_Channel2_3_IRQHandler               0x080001b1   Thumb Code     0  startup_stm32f030.o(.text)
    DMA1_Channel4_5_IRQHandler               0x080001b1   Thumb Code     0  startup_stm32f030.o(.text)
    EXTI2_3_IRQHandler                       0x080001b1   Thumb Code     0  startup_stm32f030.o(.text)
    FLASH_IRQHandler                         0x080001b1   Thumb Code     0  startup_stm32f030.o(.text)
    I2C1_IRQHandler                          0x080001b1   Thumb Code     0  startup_stm32f030.o(.text)
    I2C2_IRQHandler                          0x080001b1   Thumb Code     0  startup_stm32f030.o(.text)
    RCC_IRQHandler                           0x080001b1   Thumb Code     0  startup_stm32f030.o(.text)
    SPI1_IRQHandler                          0x080001b1   Thumb Code     0  startup_stm32f030.o(.text)
    SPI2_IRQHandler                          0x080001b1   Thumb Code     0  startup_stm32f030.o(.text)
    TIM15_IRQHandler                         0x080001b1   Thumb Code     0  startup_stm32f030.o(.text)
    TIM16_IRQHandler                         0x080001b1   Thumb Code     0  startup_stm32f030.o(.text)
    TIM17_IRQHandler                         0x080001b1   Thumb Code     0  startup_stm32f030.o(.text)
    TIM1_BRK_UP_TRG_COM_IRQHandler           0x080001b1   Thumb Code     0  startup_stm32f030.o(.text)
    TIM1_CC_IRQHandler                       0x080001b1   Thumb Code     0  startup_stm32f030.o(.text)
    USART1_IRQHandler                        0x080001b1   Thumb Code     0  startup_stm32f030.o(.text)
    USART2_IRQHandler                        0x080001b1   Thumb Code     0  startup_stm32f030.o(.text)
    WWDG_IRQHandler                          0x080001b1   Thumb Code     0  startup_stm32f030.o(.text)
    __user_initial_stackheap                 0x080001b5   Thumb Code     0  startup_stm32f030.o(.text)
    __2sprintf                               0x080001f5   Thumb Code    36  noretval__2sprintf.o(.text)
    _printf_pre_padding                      0x0800021d   Thumb Code    44  _printf_pad.o(.text)
    _printf_post_padding                     0x08000249   Thumb Code    34  _printf_pad.o(.text)
    _printf_int_dec                          0x0800026d   Thumb Code    90  _printf_dec.o(.text)
    __printf                                 0x080002d9   Thumb Code   306  __printf_flags_wp.o(.text)
    __aeabi_uidiv                            0x08000411   Thumb Code     0  aeabi_sdiv.o(.text)
    __aeabi_uidivmod                         0x08000411   Thumb Code    20  aeabi_sdiv.o(.text)
    __aeabi_idiv                             0x08000425   Thumb Code     0  aeabi_sdiv.o(.text)
    __aeabi_idivmod                          0x08000425   Thumb Code   326  aeabi_sdiv.o(.text)
    __use_two_region_memory                  0x0800056b   Thumb Code     2  heapauxi.o(.text)
    __rt_heap_escrow$2region                 0x0800056d   Thumb Code     2  heapauxi.o(.text)
    __rt_heap_expand$2region                 0x0800056f   Thumb Code     2  heapauxi.o(.text)
    __aeabi_f2d                              0x08000571   Thumb Code     0  f2d.o(.text)
    _f2d                                     0x08000571   Thumb Code    80  f2d.o(.text)
    __aeabi_fdiv                             0x080005c5   Thumb Code     0  fdiv.o(.text)
    _fdiv                                    0x080005c5   Thumb Code   334  fdiv.o(.text)
    _frdiv                                   0x08000713   Thumb Code     8  fdiv.o(.text)
    __aeabi_i2f_normalise                    0x08000725   Thumb Code    72  fflti.o(.text)
    __aeabi_i2f                              0x0800076d   Thumb Code    16  fflti.o(.text)
    _fflt                                    0x0800076d   Thumb Code     0  fflti.o(.text)
    __aeabi_ui2f                             0x0800077d   Thumb Code     6  fflti.o(.text)
    _ffltu                                   0x0800077d   Thumb Code     0  fflti.o(.text)
    _printf_int_common                       0x08000783   Thumb Code   176  _printf_intcommon.o(.text)
    __lib_sel_fp_printf                      0x08000835   Thumb Code     2  _printf_fp_dec.o(.text)
    _printf_fp_dec_real                      0x080009cf   Thumb Code   620  _printf_fp_dec.o(.text)
    _printf_char_common                      0x08000c53   Thumb Code    32  _printf_char_common.o(.text)
    _sputc                                   0x08000c79   Thumb Code    10  _sputc.o(.text)
    __rt_udiv10                              0x08000c83   Thumb Code    40  rtudiv10.o(.text)
    __fpl_fcmp_InfNaN                        0x08000cad   Thumb Code    96  fcmpin.o(.text)
    __rt_locale                              0x08000d11   Thumb Code     8  rt_locale_intlibspace.o(.text)
    _ll_udiv10                               0x08000d19   Thumb Code   122  lludiv10.o(.text)
    _printf_fp_infnan                        0x08000d95   Thumb Code   120  _printf_fp_infnan.o(.text)
    _btod_etento                             0x08000e1d   Thumb Code   196  bigflt0.o(.text)
    _btod_d2e                                0x08000ee5   Thumb Code    64  btod.o(.text)
    _btod_emul                               0x080012db   Thumb Code    24  btod.o(.text)
    _btod_emuld                              0x080012f3   Thumb Code    88  btod.o(.text)
    _btod_ediv                               0x0800134b   Thumb Code    22  btod.o(.text)
    _btod_edivd                              0x08001361   Thumb Code    60  btod.o(.text)
    __fpl_cmpreturn                          0x080013ad   Thumb Code    46  cmpret.o(.text)
    __fpl_fcheck_NaN2                        0x080013dd   Thumb Code    10  fnan2.o(.text)
    __user_libspace                          0x080013ed   Thumb Code     8  libspace.o(.text)
    __user_perproc_libspace                  0x080013ed   Thumb Code     0  libspace.o(.text)
    __user_perthread_libspace                0x080013ed   Thumb Code     0  libspace.o(.text)
    __user_setup_stackheap                   0x080013f5   Thumb Code    62  sys_stackheap_outer.o(.text)
    exit                                     0x08001433   Thumb Code    16  exit.o(.text)
    strcmp                                   0x08001445   Thumb Code   132  strcmp.o(.text)
    __fpl_return_NaN                         0x080014cd   Thumb Code    94  retnan.o(.text)
    _sys_exit                                0x0800152d   Thumb Code     8  sys_exit.o(.text)
    __I$use$semihosting                      0x08001539   Thumb Code     0  use_no_semi.o(.text)
    __use_no_semihosting_swi                 0x08001539   Thumb Code     2  use_no_semi.o(.text)
    __semihosting_library_function           0x0800153b   Thumb Code     0  indicate_semi.o(.text)
    ADC1_IRQHandler                          0x0800153d   Thumb Code    88  stm32f0xx_it.o(i.ADC1_IRQHandler)
    ADC_ChannelConfig                        0x080015a5   Thumb Code    24  stm32f0xx_adc.o(i.ADC_ChannelConfig)
    ADC_ClearITPendingBit                    0x080015bd   Thumb Code     4  stm32f0xx_adc.o(i.ADC_ClearITPendingBit)
    ADC_ClockModeConfig                      0x080015c1   Thumb Code     4  stm32f0xx_adc.o(i.ADC_ClockModeConfig)
    ADC_Cmd                                  0x080015c5   Thumb Code    24  stm32f0xx_adc.o(i.ADC_Cmd)
    ADC_GetCalibrationFactor                 0x080015dd   Thumb Code    60  stm32f0xx_adc.o(i.ADC_GetCalibrationFactor)
    ADC_GetConversionValue                   0x08001619   Thumb Code     8  stm32f0xx_adc.o(i.ADC_GetConversionValue)
    ADC_GetFlagStatus                        0x08001621   Thumb Code    48  stm32f0xx_adc.o(i.ADC_GetFlagStatus)
    ADC_ITConfig                             0x08001651   Thumb Code    20  stm32f0xx_adc.o(i.ADC_ITConfig)
    ADC_Init                                 0x08001665   Thumb Code    40  stm32f0xx_adc.o(i.ADC_Init)
    ADC_StartOfConversion                    0x08001691   Thumb Code    10  stm32f0xx_adc.o(i.ADC_StartOfConversion)
    ADC_StopOfConversion                     0x0800169b   Thumb Code    10  stm32f0xx_adc.o(i.ADC_StopOfConversion)
    ADC_VrefintCmd                           0x080016a5   Thumb Code    36  stm32f0xx_adc.o(i.ADC_VrefintCmd)
    DBGMCU_Config                            0x080016cd   Thumb Code    28  stm32f0xx_dbgmcu.o(i.DBGMCU_Config)
    Delay                                    0x080016ed   Thumb Code    20  main.o(i.Delay)
    EXTI0_1_IRQHandler                       0x08001705   Thumb Code    26  stm32f0xx_it.o(i.EXTI0_1_IRQHandler)
    EXTI4_15_IRQHandler                      0x08001725   Thumb Code    54  stm32f0xx_it.o(i.EXTI4_15_IRQHandler)
    EXTI_ClearITPendingBit                   0x08001761   Thumb Code     6  stm32f0xx_exti.o(i.EXTI_ClearITPendingBit)
    EXTI_GetITStatus                         0x08001841   Thumb Code    22  stm32f0xx_exti.o(i.EXTI_GetITStatus)
    EXTI_Init                                0x0800185d   Thumb Code   132  stm32f0xx_exti.o(i.EXTI_Init)
    GPIO_Init                                0x080018e5   Thumb Code   144  stm32f0xx_gpio.o(i.GPIO_Init)
    GPIO_PinAFConfig                         0x08001975   Thumb Code    68  stm32f0xx_gpio.o(i.GPIO_PinAFConfig)
    GPIO_ReadOutputDataBit                   0x080019b9   Thumb Code    20  stm32f0xx_gpio.o(i.GPIO_ReadOutputDataBit)
    GPIO_ResetBits                           0x080019cd   Thumb Code     4  stm32f0xx_gpio.o(i.GPIO_ResetBits)
    GPIO_STOP                                0x080019d1   Thumb Code    56  main.o(i.GPIO_STOP)
    GPIO_SetBits                             0x08001a11   Thumb Code     4  stm32f0xx_gpio.o(i.GPIO_SetBits)
    GPIO_Write                               0x08001a15   Thumb Code     4  stm32f0xx_gpio.o(i.GPIO_Write)
    GPIO_WriteBit                            0x08001a19   Thumb Code    12  stm32f0xx_gpio.o(i.GPIO_WriteBit)
    GPIO_init1                               0x08001a25   Thumb Code   118  main.o(i.GPIO_init1)
    HardFault_Handler                        0x08001b41   Thumb Code     4  stm32f0xx_it.o(i.HardFault_Handler)
    I2C_ClearFlag                            0x08001b45   Thumb Code     4  stm32f0xx_i2c.o(i.I2C_ClearFlag)
    I2C_Cmd                                  0x08001b49   Thumb Code    24  stm32f0xx_i2c.o(i.I2C_Cmd)
    I2C_GetFlagStatus                        0x08001b61   Thumb Code    28  stm32f0xx_i2c.o(i.I2C_GetFlagStatus)
    I2C_Init                                 0x08001b7d   Thumb Code    98  stm32f0xx_i2c.o(i.I2C_Init)
    I2C_Read                                 0x08001be9   Thumb Code   186  si7021.o(i.I2C_Read)
    I2C_ReceiveData                          0x08001ca9   Thumb Code     8  stm32f0xx_i2c.o(i.I2C_ReceiveData)
    I2C_SendData                             0x08001cb1   Thumb Code     4  stm32f0xx_i2c.o(i.I2C_SendData)
    I2C_TransferHandling                     0x08001cb5   Thumb Code    38  stm32f0xx_i2c.o(i.I2C_TransferHandling)
    NMI_Handler                              0x08001ce1   Thumb Code     2  stm32f0xx_it.o(i.NMI_Handler)
    NRF24L01_Init                            0x08001ce3   Thumb Code    64  24l01.o(i.NRF24L01_Init)
    NRF24L01_RX_Mode                         0x08001d25   Thumb Code    86  24l01.o(i.NRF24L01_RX_Mode)
    NRF24L01_Read_Buf                        0x08001d85   Thumb Code    62  24l01.o(i.NRF24L01_Read_Buf)
    NRF24L01_Read_Reg                        0x08001dcd   Thumb Code    56  24l01.o(i.NRF24L01_Read_Reg)
    NRF24L01_RxPacket                        0x08001e0d   Thumb Code    90  24l01.o(i.NRF24L01_RxPacket)
    NRF24L01_SLEEP_Mode                      0x08001e71   Thumb Code    20  24l01.o(i.NRF24L01_SLEEP_Mode)
    NRF24L01_SPI_Init                        0x08001e89   Thumb Code    80  24l01.o(i.NRF24L01_SPI_Init)
    NRF24L01_TX_Mode                         0x08001edd   Thumb Code    96  24l01.o(i.NRF24L01_TX_Mode)
    NRF24L01_TxPacket                        0x08001f49   Thumb Code    96  24l01.o(i.NRF24L01_TxPacket)
    NRF24L01_WAKEUP_Mode                     0x08001fb1   Thumb Code    36  24l01.o(i.NRF24L01_WAKEUP_Mode)
    NRF24L01_Write_Buf                       0x08001fd9   Thumb Code    70  24l01.o(i.NRF24L01_Write_Buf)
    NRF24L01_Write_Reg                       0x08002029   Thumb Code    64  24l01.o(i.NRF24L01_Write_Reg)
    NRF_Eslestir                             0x08002075   Thumb Code   108  main.o(i.NRF_Eslestir)
    NVIC_Init                                0x080020f5   Thumb Code   106  stm32f0xx_misc.o(i.NVIC_Init)
    PWR_BackupAccessCmd                      0x080021dd   Thumb Code    36  stm32f0xx_pwr.o(i.PWR_BackupAccessCmd)
    PWR_EnterSTOPMode                        0x08002205   Thumb Code    90  stm32f0xx_pwr.o(i.PWR_EnterSTOPMode)
    PendSV_Handler                           0x08002269   Thumb Code     2  stm32f0xx_it.o(i.PendSV_Handler)
    Perform_measurement                      0x0800226d   Thumb Code   434  main.o(i.Perform_measurement)
    RCC_AHBPeriphClockCmd                    0x08002469   Thumb Code    28  stm32f0xx_rcc.o(i.RCC_AHBPeriphClockCmd)
    RCC_APB1PeriphClockCmd                   0x08002489   Thumb Code    28  stm32f0xx_rcc.o(i.RCC_APB1PeriphClockCmd)
    RCC_APB1PeriphResetCmd                   0x080024a9   Thumb Code    28  stm32f0xx_rcc.o(i.RCC_APB1PeriphResetCmd)
    RCC_APB2PeriphClockCmd                   0x080024c9   Thumb Code    28  stm32f0xx_rcc.o(i.RCC_APB2PeriphClockCmd)
    RCC_APB2PeriphResetCmd                   0x080024e9   Thumb Code    28  stm32f0xx_rcc.o(i.RCC_APB2PeriphResetCmd)
    RCC_BackupResetCmd                       0x08002509   Thumb Code    36  stm32f0xx_rcc.o(i.RCC_BackupResetCmd)
    RCC_GetClocksFreq                        0x08002531   Thumb Code   468  stm32f0xx_rcc.o(i.RCC_GetClocksFreq)
    RCC_GetFlagStatus                        0x08002721   Thumb Code    68  stm32f0xx_rcc.o(i.RCC_GetFlagStatus)
    RCC_GetSYSCLKSource                      0x08002769   Thumb Code    10  stm32f0xx_rcc.o(i.RCC_GetSYSCLKSource)
    RCC_HSICmd                               0x08002779   Thumb Code    32  stm32f0xx_rcc.o(i.RCC_HSICmd)
    RCC_I2CCLKConfig                         0x0800279d   Thumb Code    22  stm32f0xx_rcc.o(i.RCC_I2CCLKConfig)
    RCC_LSICmd                               0x080027b9   Thumb Code    32  stm32f0xx_rcc.o(i.RCC_LSICmd)
    RCC_PLLCmd                               0x080027dd   Thumb Code    36  stm32f0xx_rcc.o(i.RCC_PLLCmd)
    RCC_RTCCLKCmd                            0x08002805   Thumb Code    36  stm32f0xx_rcc.o(i.RCC_RTCCLKCmd)
    RCC_RTCCLKConfig                         0x0800282d   Thumb Code    12  stm32f0xx_rcc.o(i.RCC_RTCCLKConfig)
    RCC_SYSCLKConfig                         0x0800283d   Thumb Code    24  stm32f0xx_rcc.o(i.RCC_SYSCLKConfig)
    RTC_AlarmCmd                             0x08002859   Thumb Code   106  stm32f0xx_rtc.o(i.RTC_AlarmCmd)
    RTC_ClearITPendingBit                    0x08002965   Thumb Code    30  stm32f0xx_rtc.o(i.RTC_ClearITPendingBit)
    RTC_DeInit                               0x08002a4d   Thumb Code    98  stm32f0xx_rtc.o(i.RTC_DeInit)
    RTC_EnterInitMode                        0x08002ac1   Thumb Code    82  stm32f0xx_rtc.o(i.RTC_EnterInitMode)
    RTC_ExitInitMode                         0x08002b19   Thumb Code    14  stm32f0xx_rtc.o(i.RTC_ExitInitMode)
    RTC_GetITStatus                          0x08002b2d   Thumb Code    72  stm32f0xx_rtc.o(i.RTC_GetITStatus)
    RTC_IRQHandler                           0x08002b79   Thumb Code    32  stm32f0xx_it.o(i.RTC_IRQHandler)
    RTC_ITConfig                             0x08002b99   Thumb Code    94  stm32f0xx_rtc.o(i.RTC_ITConfig)
    RTC_Init                                 0x08002bfd   Thumb Code    84  stm32f0xx_rtc.o(i.RTC_Init)
    RTC_SetAlarm                             0x08002c55   Thumb Code   210  stm32f0xx_rtc.o(i.RTC_SetAlarm)
    RTC_SetTime                              0x08002d2d   Thumb Code   208  stm32f0xx_rtc.o(i.RTC_SetTime)
    RTC_WaitForSynchro                       0x08002e05   Thumb Code   104  stm32f0xx_rtc.o(i.RTC_WaitForSynchro)
    SPI1_Init                                0x08002e71   Thumb Code   126  spi.o(i.SPI1_Init)
    SPI1_ReadWriteByte                       0x08002ef1   Thumb Code    54  spi.o(i.SPI1_ReadWriteByte)
    SPI_Cmd                                  0x08002f2d   Thumb Code    24  stm32f0xx_spi.o(i.SPI_Cmd)
    SPI_I2S_GetFlagStatus                    0x08002f49   Thumb Code    20  stm32f0xx_spi.o(i.SPI_I2S_GetFlagStatus)
    SPI_Init                                 0x08002f5d   Thumb Code    76  stm32f0xx_spi.o(i.SPI_Init)
    SPI_ReceiveData8                         0x08002fb5   Thumb Code    12  stm32f0xx_spi.o(i.SPI_ReceiveData8)
    SPI_RxFIFOThresholdConfig                0x08002fc1   Thumb Code    16  stm32f0xx_spi.o(i.SPI_RxFIFOThresholdConfig)
    SPI_SendData8                            0x08002fd5   Thumb Code    10  stm32f0xx_spi.o(i.SPI_SendData8)
    SVC_Handler                              0x08002fdf   Thumb Code     2  stm32f0xx_it.o(i.SVC_Handler)
    SYSCFG_EXTILineConfig                    0x08002fe1   Thumb Code    60  stm32f0xx_syscfg.o(i.SYSCFG_EXTILineConfig)
    Si7013_ReadNoHoldRHAndTemp               0x080030d9   Thumb Code    64  si7021.o(i.Si7013_ReadNoHoldRHAndTemp)
    SysTick_Handler                          0x0800315d   Thumb Code    22  stm32f0xx_it.o(i.SysTick_Handler)
    SystemInit                               0x0800317d   Thumb Code   110  system_stm32f0xx.o(i.SystemInit)
    TIM14_IRQHandler                         0x08003315   Thumb Code   130  stm32f0xx_it.o(i.TIM14_IRQHandler)
    TIM3_IRQHandler                          0x080033b1   Thumb Code    62  stm32f0xx_it.o(i.TIM3_IRQHandler)
    TIM_ClearFlag                            0x080033fd   Thumb Code     6  stm32f0xx_tim.o(i.TIM_ClearFlag)
    TIM_ClearITPendingBit                    0x08003403   Thumb Code     6  stm32f0xx_tim.o(i.TIM_ClearITPendingBit)
    TIM_Cmd                                  0x08003409   Thumb Code    24  stm32f0xx_tim.o(i.TIM_Cmd)
    TIM_DeInit                               0x08003425   Thumb Code   228  stm32f0xx_tim.o(i.TIM_DeInit)
    TIM_GetCapture1                          0x08003529   Thumb Code     6  stm32f0xx_tim.o(i.TIM_GetCapture1)
    TIM_GetITStatus                          0x0800352f   Thumb Code    38  stm32f0xx_tim.o(i.TIM_GetITStatus)
    TIM_ICInit                               0x08003555   Thumb Code   112  stm32f0xx_tim.o(i.TIM_ICInit)
    TIM_ITConfig                             0x080035c5   Thumb Code    20  stm32f0xx_tim.o(i.TIM_ITConfig)
    TIM_PrescalerConfig                      0x080035d9   Thumb Code     6  stm32f0xx_tim.o(i.TIM_PrescalerConfig)
    TIM_RemapConfig                          0x080035df   Thumb Code     6  stm32f0xx_tim.o(i.TIM_RemapConfig)
    TIM_SetIC1Prescaler                      0x080035e5   Thumb Code    16  stm32f0xx_tim.o(i.TIM_SetIC1Prescaler)
    TIM_SetIC2Prescaler                      0x080035f9   Thumb Code    20  stm32f0xx_tim.o(i.TIM_SetIC2Prescaler)
    TIM_SetIC3Prescaler                      0x08003611   Thumb Code    16  stm32f0xx_tim.o(i.TIM_SetIC3Prescaler)
    TIM_SetIC4Prescaler                      0x08003625   Thumb Code    20  stm32f0xx_tim.o(i.TIM_SetIC4Prescaler)
    TIM_TimeBaseInit                         0x0800363d   Thumb Code    90  stm32f0xx_tim.o(i.TIM_TimeBaseInit)
    __ARM_common_ll_muluu                    0x080036b9   Thumb Code    48  btod.o(i.__ARM_common_ll_muluu)
    __ARM_fpclassify                         0x080036e9   Thumb Code    40  fpclassify.o(i.__ARM_fpclassify)
    _is_digit                                0x08003715   Thumb Code    14  __printf_wp.o(i._is_digit)
    delay                                    0x08003723   Thumb Code    88  main.o(i.delay)
    delay_us1                                0x0800377b   Thumb Code    24  24l01.o(i.delay_us1)
    init_Adc                                 0x08003795   Thumb Code   172  main.o(i.init_Adc)
    init_I2C1                                0x08003849   Thumb Code   110  main.o(i.init_I2C1)
    led_yavas_flas                           0x080038c5   Thumb Code   120  main.o(i.led_yavas_flas)
    main                                     0x0800394d   Thumb Code   364  main.o(i.main)
    mySPI_GetData                            0x08003b01   Thumb Code    66  spi.o(i.mySPI_GetData)
    _get_lc_numeric                          0x08003b49   Thumb Code    44  lc_numeric_c.o(locale$$code)
    __aeabi_fadd                             0x08003b75   Thumb Code     0  faddsub.o(x$fpl$fadd)
    _fadd                                    0x08003b75   Thumb Code   134  faddsub.o(x$fpl$fadd)
    __aeabi_fmul                             0x08003c01   Thumb Code     0  fmul.o(x$fpl$fmul)
    _fmul                                    0x08003c01   Thumb Code   172  fmul.o(x$fpl$fmul)
    __aeabi_cfrcmple                         0x08003cb1   Thumb Code     0  frlef.o(x$fpl$frleqf)
    _frcmple                                 0x08003cb1   Thumb Code    84  frlef.o(x$fpl$frleqf)
    __aeabi_fsub                             0x08003d09   Thumb Code     0  faddsub.o(x$fpl$fsub)
    _fsub                                    0x08003d09   Thumb Code   204  faddsub.o(x$fpl$fsub)
    _printf_fp_dec                           0x08003dd9   Thumb Code    16  printf1.o(x$fpl$printf1)
    TX_ADDRESS                               0x08003de8   Data          10  24l01.o(.constdata)
    __I$use$fp                               0x08003de8   Number         0  usenofp.o(x$fpl$usenofp)
    RX_ADDRESS                               0x08003df2   Data           5  24l01.o(.constdata)
    Region$$Table$$Base                      0x08003edc   Number         0  anon$$obj.o(Region$$Table)
    Region$$Table$$Limit                     0x08003efc   Number         0  anon$$obj.o(Region$$Table)
    adc_sayac                                0x20000000   Data           1  main.o(.data)
    Adc_Data                                 0x20000002   Data           6  main.o(.data)
    data_ok                                  0x20000008   Data           1  main.o(.data)
    control                                  0x20000009   Data           1  main.o(.data)
    sayac                                    0x2000000a   Data           1  main.o(.data)
    rtc_alarm                                0x2000000b   Data           1  main.o(.data)
    charge                                   0x2000000c   Data           1  main.o(.data)
    eslesme_tamam                            0x2000000d   Data           1  main.o(.data)
    sayac1                                   0x2000000e   Data           2  main.o(.data)
    reg                                      0x20000010   Data           1  main.o(.data)
    reg2                                     0x20000011   Data           1  main.o(.data)
    Bat_voltage                              0x20000014   Data           4  main.o(.data)
    Gas_voltage                              0x20000018   Data           4  main.o(.data)
    Vdda                                     0x2000001c   Data           4  main.o(.data)
    Si7021_ok                                0x20000020   Data           1  main.o(.data)
    tip2                                     0x20000024   Data           4  main.o(.data)
    temp_data                                0x20000028   Data           4  main.o(.data)
    rh_data                                  0x2000002c   Data           4  main.o(.data)
    temp                                     0x20000030   Data           4  main.o(.data)
    rh                                       0x20000034   Data           4  main.o(.data)
    freq                                     0x20000038   Data           4  main.o(.data)
    cal_fac                                  0x2000003c   Data           1  main.o(.data)
    PrescalerValue                           0x2000003e   Data           2  main.o(.data)
    SystemCoreClock                          0x20000040   Data           4  system_stm32f0xx.o(.data)
    AHBPrescTable                            0x20000044   Data          16  system_stm32f0xx.o(.data)
    a                                        0x20000064   Data           2  stm32f0xx_it.o(.data)
    one_sec                                  0x20000066   Data           2  stm32f0xx_it.o(.data)
    CaptureNumber                            0x20000068   Data           4  stm32f0xx_it.o(.data)
    PeriodValue                              0x2000006c   Data           4  stm32f0xx_it.o(.data)
    IC1ReadValue1                            0x20000070   Data           4  stm32f0xx_it.o(.data)
    IC1ReadValue2                            0x20000074   Data           4  stm32f0xx_it.o(.data)
    TimingDelay                              0x20000078   Data           4  stm32f0xx_it.o(.data)
    TimingDelay2                             0x2000007c   Data           4  stm32f0xx_it.o(.data)
    temp22                                   0x20000080   Data           1  stm32f0xx_it.o(.data)
    bitval                                   0x20000081   Data           1  stm32f0xx_it.o(.data)
    read                                     0x20000084   Data           4  24l01.o(.data)
    status3                                  0x20000088   Data           4  24l01.o(.data)
    temp1                                    0x2000008c   Data           4  24l01.o(.data)
    temp2                                    0x20000090   Data           4  24l01.o(.data)
    data5                                    0x20000094   Data         300  main.o(.bss)
    tip1                                     0x200001c0   Data          64  main.o(.bss)
    gelen2                                   0x20000200   Data          30  main.o(.bss)
    giden                                    0x2000021e   Data          30  main.o(.bss)
    __libspace_start                         0x2000023c   Data          96  libspace.o(.bss)
    __temporary_stack_top$libspace           0x2000029c   Data           0  libspace.o(.bss)



==============================================================================

Memory Map of the image

  Image Entry point : 0x080000b5

  Load Region LR_IROM1 (Base: 0x08000000, Size: 0x00003fac, Max: 0x00008000, ABSOLUTE)

    Execution Region ER_IROM1 (Base: 0x08000000, Size: 0x00003f18, Max: 0x00008000, ABSOLUTE)

    Base Addr    Size         Type   Attr      Idx    E Section Name        Object

    0x08000000   0x000000b4   Data   RO          244    RESET               startup_stm32f030.o
    0x080000b4   0x00000008   Code   RO         2946  * !!!main             c_p.l(__main.o)
    0x080000bc   0x0000003c   Code   RO         3181    !!!scatter          c_p.l(__scatter.o)
    0x080000f8   0x0000001a   Code   RO         3183    !!handler_copy      c_p.l(__scatter_copy.o)
    0x08000112   0x00000002   PAD
    0x08000114   0x0000001c   Code   RO         3185    !!handler_zi        c_p.l(__scatter_zi.o)
    0x08000130   0x00000002   Code   RO         2939    .ARM.Collect$$_printf_percent$$00000000  c_p.l(_printf_percent.o)
    0x08000132   0x0000000a   Code   RO         2938    .ARM.Collect$$_printf_percent$$00000003  c_p.l(_printf_f.o)
    0x0800013c   0x0000000a   Code   RO         2937    .ARM.Collect$$_printf_percent$$0000000A  c_p.l(_printf_u.o)
    0x08000146   0x00000004   Code   RO         2980    .ARM.Collect$$_printf_percent$$00000017  c_p.l(_printf_percent_end.o)
    0x0800014a   0x00000002   Code   RO         3051    .ARM.Collect$$libinit$$00000000  c_p.l(libinit.o)
    0x0800014c   0x00000000   Code   RO         3053    .ARM.Collect$$libinit$$00000002  c_p.l(libinit2.o)
    0x0800014c   0x00000000   Code   RO         3055    .ARM.Collect$$libinit$$00000004  c_p.l(libinit2.o)
    0x0800014c   0x00000000   Code   RO         3058    .ARM.Collect$$libinit$$0000000A  c_p.l(libinit2.o)
    0x0800014c   0x00000000   Code   RO         3060    .ARM.Collect$$libinit$$0000000C  c_p.l(libinit2.o)
    0x0800014c   0x00000000   Code   RO         3062    .ARM.Collect$$libinit$$0000000E  c_p.l(libinit2.o)
    0x0800014c   0x00000006   Code   RO         3063    .ARM.Collect$$libinit$$0000000F  c_p.l(libinit2.o)
    0x08000152   0x00000000   Code   RO         3065    .ARM.Collect$$libinit$$00000011  c_p.l(libinit2.o)
    0x08000152   0x00000000   Code   RO         3067    .ARM.Collect$$libinit$$00000013  c_p.l(libinit2.o)
    0x08000152   0x00000000   Code   RO         3069    .ARM.Collect$$libinit$$00000015  c_p.l(libinit2.o)
    0x08000152   0x0000000a   Code   RO         3070    .ARM.Collect$$libinit$$00000016  c_p.l(libinit2.o)
    0x0800015c   0x00000000   Code   RO         3071    .ARM.Collect$$libinit$$00000017  c_p.l(libinit2.o)
    0x0800015c   0x00000000   Code   RO         3073    .ARM.Collect$$libinit$$00000019  c_p.l(libinit2.o)
    0x0800015c   0x00000000   Code   RO         3075    .ARM.Collect$$libinit$$0000001B  c_p.l(libinit2.o)
    0x0800015c   0x00000000   Code   RO         3077    .ARM.Collect$$libinit$$0000001D  c_p.l(libinit2.o)
    0x0800015c   0x00000000   Code   RO         3079    .ARM.Collect$$libinit$$0000001F  c_p.l(libinit2.o)
    0x0800015c   0x00000000   Code   RO         3081    .ARM.Collect$$libinit$$00000021  c_p.l(libinit2.o)
    0x0800015c   0x00000000   Code   RO         3083    .ARM.Collect$$libinit$$00000023  c_p.l(libinit2.o)
    0x0800015c   0x00000000   Code   RO         3085    .ARM.Collect$$libinit$$00000025  c_p.l(libinit2.o)
    0x0800015c   0x00000000   Code   RO         3089    .ARM.Collect$$libinit$$0000002C  c_p.l(libinit2.o)
    0x0800015c   0x00000000   Code   RO         3091    .ARM.Collect$$libinit$$0000002E  c_p.l(libinit2.o)
    0x0800015c   0x00000000   Code   RO         3093    .ARM.Collect$$libinit$$00000030  c_p.l(libinit2.o)
    0x0800015c   0x00000000   Code   RO         3095    .ARM.Collect$$libinit$$00000032  c_p.l(libinit2.o)
    0x0800015c   0x00000002   Code   RO         3096    .ARM.Collect$$libinit$$00000033  c_p.l(libinit2.o)
    0x0800015e   0x00000002   Code   RO         3146    .ARM.Collect$$libshutdown$$00000000  c_p.l(libshutdown.o)
    0x08000160   0x00000000   Code   RO         3164    .ARM.Collect$$libshutdown$$00000002  c_p.l(libshutdown2.o)
    0x08000160   0x00000000   Code   RO         3166    .ARM.Collect$$libshutdown$$00000004  c_p.l(libshutdown2.o)
    0x08000160   0x00000000   Code   RO         3169    .ARM.Collect$$libshutdown$$00000007  c_p.l(libshutdown2.o)
    0x08000160   0x00000000   Code   RO         3172    .ARM.Collect$$libshutdown$$0000000A  c_p.l(libshutdown2.o)
    0x08000160   0x00000000   Code   RO         3174    .ARM.Collect$$libshutdown$$0000000C  c_p.l(libshutdown2.o)
    0x08000160   0x00000000   Code   RO         3177    .ARM.Collect$$libshutdown$$0000000F  c_p.l(libshutdown2.o)
    0x08000160   0x00000002   Code   RO         3178    .ARM.Collect$$libshutdown$$00000010  c_p.l(libshutdown2.o)
    0x08000162   0x00000000   Code   RO         2967    .ARM.Collect$$rtentry$$00000000  c_p.l(__rtentry.o)
    0x08000162   0x00000000   Code   RO         2987    .ARM.Collect$$rtentry$$00000002  c_p.l(__rtentry2.o)
    0x08000162   0x00000006   Code   RO         2999    .ARM.Collect$$rtentry$$00000004  c_p.l(__rtentry4.o)
    0x08000168   0x00000000   Code   RO         2989    .ARM.Collect$$rtentry$$00000009  c_p.l(__rtentry2.o)
    0x08000168   0x00000004   Code   RO         2990    .ARM.Collect$$rtentry$$0000000A  c_p.l(__rtentry2.o)
    0x0800016c   0x00000000   Code   RO         2992    .ARM.Collect$$rtentry$$0000000C  c_p.l(__rtentry2.o)
    0x0800016c   0x00000008   Code   RO         2993    .ARM.Collect$$rtentry$$0000000D  c_p.l(__rtentry2.o)
    0x08000174   0x00000002   Code   RO         3100    .ARM.Collect$$rtexit$$00000000  c_p.l(rtexit.o)
    0x08000176   0x00000000   Code   RO         3115    .ARM.Collect$$rtexit$$00000002  c_p.l(rtexit2.o)
    0x08000176   0x00000004   Code   RO         3116    .ARM.Collect$$rtexit$$00000003  c_p.l(rtexit2.o)
    0x0800017a   0x00000006   Code   RO         3117    .ARM.Collect$$rtexit$$00000004  c_p.l(rtexit2.o)
    0x08000180   0x00000074   Code   RO          245    .text               startup_stm32f030.o
    0x080001f4   0x00000028   Code   RO         2909    .text               c_p.l(noretval__2sprintf.o)
    0x0800021c   0x0000004e   Code   RO         2913    .text               c_p.l(_printf_pad.o)
    0x0800026a   0x00000002   PAD
    0x0800026c   0x0000006c   Code   RO         2915    .text               c_p.l(_printf_dec.o)
    0x080002d8   0x00000138   Code   RO         2929    .text               c_p.l(__printf_flags_wp.o)
    0x08000410   0x0000015a   Code   RO         2940    .text               c_p.l(aeabi_sdiv.o)
    0x0800056a   0x00000006   Code   RO         2944    .text               c_p.l(heapauxi.o)
    0x08000570   0x00000054   Code   RO         2948    .text               fz_ps.l(f2d.o)
    0x080005c4   0x00000160   Code   RO         2956    .text               fz_ps.l(fdiv.o)
    0x08000724   0x0000005e   Code   RO         2959    .text               fz_ps.l(fflti.o)
    0x08000782   0x000000b0   Code   RO         2972    .text               c_p.l(_printf_intcommon.o)
    0x08000832   0x00000002   PAD
    0x08000834   0x00000414   Code   RO         2974    .text               c_p.l(_printf_fp_dec.o)
    0x08000c48   0x00000030   Code   RO         2976    .text               c_p.l(_printf_char_common.o)
    0x08000c78   0x0000000a   Code   RO         2978    .text               c_p.l(_sputc.o)
    0x08000c82   0x00000028   Code   RO         2981    .text               c_p.l(rtudiv10.o)
    0x08000caa   0x00000002   PAD
    0x08000cac   0x00000064   Code   RO         2983    .text               fz_ps.l(fcmpin.o)
    0x08000d10   0x00000008   Code   RO         3006    .text               c_p.l(rt_locale_intlibspace.o)
    0x08000d18   0x0000007a   Code   RO         3008    .text               c_p.l(lludiv10.o)
    0x08000d92   0x00000002   PAD
    0x08000d94   0x00000088   Code   RO         3010    .text               c_p.l(_printf_fp_infnan.o)
    0x08000e1c   0x000000c8   Code   RO         3014    .text               c_p.l(bigflt0.o)
    0x08000ee4   0x000004c8   Code   RO         3017    .text               c_p.l(btod.o)
    0x080013ac   0x0000002e   Code   RO         3024    .text               fz_ps.l(cmpret.o)
    0x080013da   0x00000002   PAD
    0x080013dc   0x00000010   Code   RO         3026    .text               fz_ps.l(fnan2.o)
    0x080013ec   0x00000008   Code   RO         3032    .text               c_p.l(libspace.o)
    0x080013f4   0x0000003e   Code   RO         3035    .text               c_p.l(sys_stackheap_outer.o)
    0x08001432   0x00000010   Code   RO         3038    .text               c_p.l(exit.o)
    0x08001442   0x00000002   PAD
    0x08001444   0x00000088   Code   RO         3044    .text               c_p.l(strcmp.o)
    0x080014cc   0x0000005e   Code   RO         3097    .text               fz_ps.l(retnan.o)
    0x0800152a   0x00000002   PAD
    0x0800152c   0x0000000c   Code   RO         3112    .text               c_p.l(sys_exit.o)
    0x08001538   0x00000002   Code   RO         3133    .text               c_p.l(use_no_semi.o)
    0x0800153a   0x00000000   Code   RO         3135    .text               c_p.l(indicate_semi.o)
    0x0800153a   0x00000002   PAD
    0x0800153c   0x00000068   Code   RO          670    i.ADC1_IRQHandler   stm32f0xx_it.o
    0x080015a4   0x00000018   Code   RO          763    i.ADC_ChannelConfig  stm32f0xx_adc.o
    0x080015bc   0x00000004   Code   RO          765    i.ADC_ClearITPendingBit  stm32f0xx_adc.o
    0x080015c0   0x00000004   Code   RO          766    i.ADC_ClockModeConfig  stm32f0xx_adc.o
    0x080015c4   0x00000018   Code   RO          767    i.ADC_Cmd           stm32f0xx_adc.o
    0x080015dc   0x0000003c   Code   RO          773    i.ADC_GetCalibrationFactor  stm32f0xx_adc.o
    0x08001618   0x00000008   Code   RO          774    i.ADC_GetConversionValue  stm32f0xx_adc.o
    0x08001620   0x00000030   Code   RO          775    i.ADC_GetFlagStatus  stm32f0xx_adc.o
    0x08001650   0x00000014   Code   RO          777    i.ADC_ITConfig      stm32f0xx_adc.o
    0x08001664   0x0000002c   Code   RO          778    i.ADC_Init          stm32f0xx_adc.o
    0x08001690   0x0000000a   Code   RO          781    i.ADC_StartOfConversion  stm32f0xx_adc.o
    0x0800169a   0x0000000a   Code   RO          782    i.ADC_StopOfConversion  stm32f0xx_adc.o
    0x080016a4   0x00000028   Code   RO          786    i.ADC_VrefintCmd    stm32f0xx_adc.o
    0x080016cc   0x00000020   Code   RO         2865    i.DBGMCU_Config     stm32f0xx_dbgmcu.o
    0x080016ec   0x00000018   Code   RO            3    i.Delay             main.o
    0x08001704   0x00000020   Code   RO          671    i.EXTI0_1_IRQHandler  stm32f0xx_it.o
    0x08001724   0x0000003c   Code   RO          672    i.EXTI4_15_IRQHandler  stm32f0xx_it.o
    0x08001760   0x0000000c   Code   RO         1768    i.EXTI_ClearITPendingBit  stm32f0xx_exti.o
    0x0800176c   0x000000d4   Code   RO            4    i.EXTI_Config       main.o
    0x08001840   0x0000001c   Code   RO         1772    i.EXTI_GetITStatus  stm32f0xx_exti.o
    0x0800185c   0x00000088   Code   RO         1773    i.EXTI_Init         stm32f0xx_exti.o
    0x080018e4   0x00000090   Code   RO          292    i.GPIO_Init         stm32f0xx_gpio.o
    0x08001974   0x00000044   Code   RO          293    i.GPIO_PinAFConfig  stm32f0xx_gpio.o
    0x080019b8   0x00000014   Code   RO          298    i.GPIO_ReadOutputDataBit  stm32f0xx_gpio.o
    0x080019cc   0x00000004   Code   RO          299    i.GPIO_ResetBits    stm32f0xx_gpio.o
    0x080019d0   0x00000040   Code   RO            5    i.GPIO_STOP         main.o
    0x08001a10   0x00000004   Code   RO          300    i.GPIO_SetBits      stm32f0xx_gpio.o
    0x08001a14   0x00000004   Code   RO          302    i.GPIO_Write        stm32f0xx_gpio.o
    0x08001a18   0x0000000c   Code   RO          303    i.GPIO_WriteBit     stm32f0xx_gpio.o
    0x08001a24   0x0000007c   Code   RO            6    i.GPIO_init1        main.o
    0x08001aa0   0x000000a0   Code   RO            7    i.GetLSIFrequency   main.o
    0x08001b40   0x00000004   Code   RO          673    i.HardFault_Handler  stm32f0xx_it.o
    0x08001b44   0x00000004   Code   RO         1069    i.I2C_ClearFlag     stm32f0xx_i2c.o
    0x08001b48   0x00000018   Code   RO         1072    i.I2C_Cmd           stm32f0xx_i2c.o
    0x08001b60   0x0000001c   Code   RO         1081    i.I2C_GetFlagStatus  stm32f0xx_i2c.o
    0x08001b7c   0x0000006c   Code   RO         1087    i.I2C_Init          stm32f0xx_i2c.o
    0x08001be8   0x000000c0   Code   RO         1330    i.I2C_Read          si7021.o
    0x08001ca8   0x00000008   Code   RO         1093    i.I2C_ReceiveData   stm32f0xx_i2c.o
    0x08001cb0   0x00000004   Code   RO         1096    i.I2C_SendData      stm32f0xx_i2c.o
    0x08001cb4   0x0000002c   Code   RO         1105    i.I2C_TransferHandling  stm32f0xx_i2c.o
    0x08001ce0   0x00000002   Code   RO          674    i.NMI_Handler       stm32f0xx_it.o
    0x08001ce2   0x00000040   Code   RO         1575    i.NRF24L01_Init     24l01.o
    0x08001d22   0x00000002   PAD
    0x08001d24   0x00000060   Code   RO         1576    i.NRF24L01_RX_Mode  24l01.o
    0x08001d84   0x00000048   Code   RO         1577    i.NRF24L01_Read_Buf  24l01.o
    0x08001dcc   0x00000040   Code   RO         1578    i.NRF24L01_Read_Reg  24l01.o
    0x08001e0c   0x00000064   Code   RO         1579    i.NRF24L01_RxPacket  24l01.o
    0x08001e70   0x00000018   Code   RO         1580    i.NRF24L01_SLEEP_Mode  24l01.o
    0x08001e88   0x00000054   Code   RO         1581    i.NRF24L01_SPI_Init  24l01.o
    0x08001edc   0x0000006c   Code   RO         1582    i.NRF24L01_TX_Mode  24l01.o
    0x08001f48   0x00000068   Code   RO         1583    i.NRF24L01_TxPacket  24l01.o
    0x08001fb0   0x00000028   Code   RO         1584    i.NRF24L01_WAKEUP_Mode  24l01.o
    0x08001fd8   0x00000050   Code   RO         1585    i.NRF24L01_Write_Buf  24l01.o
    0x08002028   0x0000004c   Code   RO         1586    i.NRF24L01_Write_Reg  24l01.o
    0x08002074   0x00000080   Code   RO            9    i.NRF_Eslestir      main.o
    0x080020f4   0x00000070   Code   RO         1032    i.NVIC_Init         stm32f0xx_misc.o
    0x08002164   0x00000078   Code   RO           10    i.NVIC_SetPriority  main.o
    0x080021dc   0x00000028   Code   RO         1891    i.PWR_BackupAccessCmd  stm32f0xx_pwr.o
    0x08002204   0x00000064   Code   RO         1895    i.PWR_EnterSTOPMode  stm32f0xx_pwr.o
    0x08002268   0x00000002   Code   RO          675    i.PendSV_Handler    stm32f0xx_it.o
    0x0800226a   0x00000002   PAD
    0x0800226c   0x000001fc   Code   RO           11    i.Perform_measurement  main.o
    0x08002468   0x00000020   Code   RO          409    i.RCC_AHBPeriphClockCmd  stm32f0xx_rcc.o
    0x08002488   0x00000020   Code   RO          411    i.RCC_APB1PeriphClockCmd  stm32f0xx_rcc.o
    0x080024a8   0x00000020   Code   RO          412    i.RCC_APB1PeriphResetCmd  stm32f0xx_rcc.o
    0x080024c8   0x00000020   Code   RO          413    i.RCC_APB2PeriphClockCmd  stm32f0xx_rcc.o
    0x080024e8   0x00000020   Code   RO          414    i.RCC_APB2PeriphResetCmd  stm32f0xx_rcc.o
    0x08002508   0x00000028   Code   RO          417    i.RCC_BackupResetCmd  stm32f0xx_rcc.o
    0x08002530   0x000001f0   Code   RO          423    i.RCC_GetClocksFreq  stm32f0xx_rcc.o
    0x08002720   0x00000048   Code   RO          424    i.RCC_GetFlagStatus  stm32f0xx_rcc.o
    0x08002768   0x00000010   Code   RO          426    i.RCC_GetSYSCLKSource  stm32f0xx_rcc.o
    0x08002778   0x00000024   Code   RO          432    i.RCC_HSICmd        stm32f0xx_rcc.o
    0x0800279c   0x0000001c   Code   RO          433    i.RCC_I2CCLKConfig  stm32f0xx_rcc.o
    0x080027b8   0x00000024   Code   RO          437    i.RCC_LSICmd        stm32f0xx_rcc.o
    0x080027dc   0x00000028   Code   RO          440    i.RCC_PLLCmd        stm32f0xx_rcc.o
    0x08002804   0x00000028   Code   RO          443    i.RCC_RTCCLKCmd     stm32f0xx_rcc.o
    0x0800282c   0x00000010   Code   RO          444    i.RCC_RTCCLKConfig  stm32f0xx_rcc.o
    0x0800283c   0x0000001c   Code   RO          445    i.RCC_SYSCLKConfig  stm32f0xx_rcc.o
    0x08002858   0x00000070   Code   RO         1965    i.RTC_AlarmCmd      stm32f0xx_rtc.o
    0x080028c8   0x00000064   Code   RO           12    i.RTC_AlarmConfig   main.o
    0x0800292c   0x0000001a   Code   RO         1968    i.RTC_Bcd2ToByte    stm32f0xx_rtc.o
    0x08002946   0x0000001c   Code   RO         1970    i.RTC_ByteToBcd2    stm32f0xx_rtc.o
    0x08002962   0x00000002   PAD
    0x08002964   0x00000024   Code   RO         1974    i.RTC_ClearITPendingBit  stm32f0xx_rtc.o
    0x08002988   0x000000c2   Code   RO           13    i.RTC_Config        main.o
    0x08002a4a   0x00000002   PAD
    0x08002a4c   0x00000074   Code   RO         1977    i.RTC_DeInit        stm32f0xx_rtc.o
    0x08002ac0   0x00000058   Code   RO         1978    i.RTC_EnterInitMode  stm32f0xx_rtc.o
    0x08002b18   0x00000014   Code   RO         1979    i.RTC_ExitInitMode  stm32f0xx_rtc.o
    0x08002b2c   0x0000004c   Code   RO         1984    i.RTC_GetITStatus   stm32f0xx_rtc.o
    0x08002b78   0x00000020   Code   RO          676    i.RTC_IRQHandler    stm32f0xx_it.o
    0x08002b98   0x00000064   Code   RO         1991    i.RTC_ITConfig      stm32f0xx_rtc.o
    0x08002bfc   0x00000058   Code   RO         1992    i.RTC_Init          stm32f0xx_rtc.o
    0x08002c54   0x000000d8   Code   RO         1997    i.RTC_SetAlarm      stm32f0xx_rtc.o
    0x08002d2c   0x000000d8   Code   RO         1999    i.RTC_SetTime       stm32f0xx_rtc.o
    0x08002e04   0x0000006c   Code   RO         2013    i.RTC_WaitForSynchro  stm32f0xx_rtc.o
    0x08002e70   0x0000007e   Code   RO         1729    i.SPI1_Init         spi.o
    0x08002eee   0x00000002   PAD
    0x08002ef0   0x0000003c   Code   RO         1730    i.SPI1_ReadWriteByte  spi.o
    0x08002f2c   0x0000001c   Code   RO         1380    i.SPI_Cmd           stm32f0xx_spi.o
    0x08002f48   0x00000014   Code   RO         1389    i.SPI_I2S_GetFlagStatus  stm32f0xx_spi.o
    0x08002f5c   0x00000058   Code   RO         1394    i.SPI_Init          stm32f0xx_spi.o
    0x08002fb4   0x0000000c   Code   RO         1398    i.SPI_ReceiveData8  stm32f0xx_spi.o
    0x08002fc0   0x00000014   Code   RO         1399    i.SPI_RxFIFOThresholdConfig  stm32f0xx_spi.o
    0x08002fd4   0x0000000a   Code   RO         1401    i.SPI_SendData8     stm32f0xx_spi.o
    0x08002fde   0x00000002   Code   RO          677    i.SVC_Handler       stm32f0xx_it.o
    0x08002fe0   0x00000040   Code   RO         1833    i.SYSCFG_EXTILineConfig  stm32f0xx_syscfg.o
    0x08003020   0x00000038   Code   RO           14    i.SYSCLKConfig_STOP  main.o
    0x08003058   0x00000080   Code   RO          251    i.SetSysClock       system_stm32f0xx.o
    0x080030d8   0x00000050   Code   RO         1334    i.Si7013_ReadNoHoldRHAndTemp  si7021.o
    0x08003128   0x00000034   Code   RO           15    i.SysTick_Config    main.o
    0x0800315c   0x00000020   Code   RO          678    i.SysTick_Handler   stm32f0xx_it.o
    0x0800317c   0x0000007c   Code   RO          253    i.SystemInit        system_stm32f0xx.o
    0x080031f8   0x00000038   Code   RO         2295    i.TI1_Config        stm32f0xx_tim.o
    0x08003230   0x0000004c   Code   RO         2296    i.TI2_Config        stm32f0xx_tim.o
    0x0800327c   0x00000048   Code   RO         2297    i.TI3_Config        stm32f0xx_tim.o
    0x080032c4   0x00000050   Code   RO         2298    i.TI4_Config        stm32f0xx_tim.o
    0x08003314   0x0000009c   Code   RO          679    i.TIM14_IRQHandler  stm32f0xx_it.o
    0x080033b0   0x0000004c   Code   RO          680    i.TIM3_IRQHandler   stm32f0xx_it.o
    0x080033fc   0x00000006   Code   RO         2305    i.TIM_ClearFlag     stm32f0xx_tim.o
    0x08003402   0x00000006   Code   RO         2306    i.TIM_ClearITPendingBit  stm32f0xx_tim.o
    0x08003408   0x0000001c   Code   RO         2311    i.TIM_Cmd           stm32f0xx_tim.o
    0x08003424   0x00000104   Code   RO         2316    i.TIM_DeInit        stm32f0xx_tim.o
    0x08003528   0x00000006   Code   RO         2326    i.TIM_GetCapture1   stm32f0xx_tim.o
    0x0800352e   0x00000026   Code   RO         2332    i.TIM_GetITStatus   stm32f0xx_tim.o
    0x08003554   0x00000070   Code   RO         2334    i.TIM_ICInit        stm32f0xx_tim.o
    0x080035c4   0x00000014   Code   RO         2336    i.TIM_ITConfig      stm32f0xx_tim.o
    0x080035d8   0x00000006   Code   RO         2360    i.TIM_PrescalerConfig  stm32f0xx_tim.o
    0x080035de   0x00000006   Code   RO         2361    i.TIM_RemapConfig   stm32f0xx_tim.o
    0x080035e4   0x00000014   Code   RO         2379    i.TIM_SetIC1Prescaler  stm32f0xx_tim.o
    0x080035f8   0x00000018   Code   RO         2380    i.TIM_SetIC2Prescaler  stm32f0xx_tim.o
    0x08003610   0x00000014   Code   RO         2381    i.TIM_SetIC3Prescaler  stm32f0xx_tim.o
    0x08003624   0x00000018   Code   RO         2382    i.TIM_SetIC4Prescaler  stm32f0xx_tim.o
    0x0800363c   0x0000007c   Code   RO         2384    i.TIM_TimeBaseInit  stm32f0xx_tim.o
    0x080036b8   0x00000030   Code   RO         3019    i.__ARM_common_ll_muluu  c_p.l(btod.o)
    0x080036e8   0x0000002c   Code   RO         3030    i.__ARM_fpclassify  m_ps.l(fpclassify.o)
    0x08003714   0x0000000e   Code   RO         2927    i._is_digit         c_p.l(__printf_wp.o)
    0x08003722   0x00000058   Code   RO           17    i.delay             main.o
    0x0800377a   0x00000018   Code   RO         1587    i.delay_us1         24l01.o
    0x08003792   0x00000002   PAD
    0x08003794   0x000000b4   Code   RO           19    i.init_Adc          main.o
    0x08003848   0x0000007c   Code   RO           20    i.init_I2C1         main.o
    0x080038c4   0x00000088   Code   RO           22    i.led_yavas_flas    main.o
    0x0800394c   0x000001b4   Code   RO           23    i.main              main.o
    0x08003b00   0x00000048   Code   RO         1732    i.mySPI_GetData     spi.o
    0x08003b48   0x0000002c   Code   RO         3022    locale$$code        c_p.l(lc_numeric_c.o)
    0x08003b74   0x0000008c   Code   RO         2950    x$fpl$fadd          fz_ps.l(faddsub.o)
    0x08003c00   0x000000b0   Code   RO         2961    x$fpl$fmul          fz_ps.l(fmul.o)
    0x08003cb0   0x00000058   Code   RO         2963    x$fpl$frleqf        fz_ps.l(frlef.o)
    0x08003d08   0x000000d0   Code   RO         2952    x$fpl$fsub          fz_ps.l(faddsub.o)
    0x08003dd8   0x00000010   Code   RO         2965    x$fpl$printf1       fz_ps.l(printf1.o)
    0x08003de8   0x00000000   Code   RO         2985    x$fpl$usenofp       fz_ps.l(usenofp.o)
    0x08003de8   0x0000000f   Data   RO         1590    .constdata          24l01.o
    0x08003df7   0x00000011   Data   RO         2930    .constdata          c_p.l(__printf_flags_wp.o)
    0x08003e08   0x00000040   Data   RO         2957    .constdata          fz_ps.l(fdiv.o)
    0x08003e48   0x00000094   Data   RO         3015    .constdata          c_p.l(bigflt0.o)
    0x08003edc   0x00000020   Data   RO         3179    Region$$Table       anon$$obj.o
    0x08003efc   0x0000001c   Data   RO         3021    locale$$data        c_p.l(lc_numeric_c.o)


    Execution Region RW_IRAM1 (Base: 0x20000000, Size: 0x000008a0, Max: 0x00001000, ABSOLUTE)

    Base Addr    Size         Type   Attr      Idx    E Section Name        Object

    0x20000000   0x00000040   Data   RW           25    .data               main.o
    0x20000040   0x00000014   Data   RW          254    .data               system_stm32f0xx.o
    0x20000054   0x00000010   Data   RW          449    .data               stm32f0xx_rcc.o
    0x20000064   0x0000001e   Data   RW          682    .data               stm32f0xx_it.o
    0x20000082   0x00000002   PAD
    0x20000084   0x00000010   Data   RW         1591    .data               24l01.o
    0x20000094   0x000001a8   Zero   RW           24    .bss                main.o
    0x2000023c   0x00000060   Zero   RW         3033    .bss                c_p.l(libspace.o)
    0x2000029c   0x00000004   PAD
    0x200002a0   0x00000200   Zero   RW          243    HEAP                startup_stm32f030.o
    0x200004a0   0x00000400   Zero   RW          242    STACK               startup_stm32f030.o


==============================================================================

Image component sizes


      Code (inc. data)   RO Data    RW Data    ZI Data      Debug   Object Name

       936         92         15         16          0       7955   24l01.o
      2706        262          0         64        424     238918   main.o
       272         22          0          0          0       1720   si7021.o
       258         12          0          0          0       1581   spi.o
       116         56        180          0       1536        648   startup_stm32f030.o
       296          8          0          0          0       7670   stm32f0xx_adc.o
        32          4          0          0          0        580   stm32f0xx_dbgmcu.o
       176         16          0          0          0       2188   stm32f0xx_exti.o
       256          0          0          0          0     160837   stm32f0xx_gpio.o
       220         16          0          0          0       4949   stm32f0xx_i2c.o
       502         78          0         30          0       6176   stm32f0xx_it.o
       112          6          0          0          0        980   stm32f0xx_misc.o
       140         14          0          0          0       1246   stm32f0xx_pwr.o
      1008         92          0         16          0      10467   stm32f0xx_rcc.o
      1230         74          0          0          0       9377   stm32f0xx_rtc.o
       178         20          0          0          0       4160   stm32f0xx_spi.o
        64          4          0          0          0        656   stm32f0xx_syscfg.o
       984        122          0          0          0      12598   stm32f0xx_tim.o
       252         24          0         20          0       1517   system_stm32f0xx.o

    ----------------------------------------------------------------------
      9750        922        227        148       1960     474223   Object Totals
         0          0         32          0          0          0   (incl. Generated)
        12          0          0          2          0          0   (incl. Padding)

    ----------------------------------------------------------------------

      Code (inc. data)   RO Data    RW Data    ZI Data      Debug   Library Member Name

         8          0          0          0          0         68   __main.o
       312          6         17          0          0         76   __printf_flags_wp.o
        14          0          0          0          0         60   __printf_wp.o
         0          0          0          0          0          0   __rtentry.o
        12          0          0          0          0          0   __rtentry2.o
         6          0          0          0          0          0   __rtentry4.o
        60          8          0          0          0          0   __scatter.o
        26          0          0          0          0          0   __scatter_copy.o
        28          0          0          0          0          0   __scatter_zi.o
        48          6          0          0          0         88   _printf_char_common.o
       108         18          0          0          0         76   _printf_dec.o
        10          0          0          0          0          0   _printf_f.o
      1044         14          0          0          0        176   _printf_fp_dec.o
       136         16          0          0          0         76   _printf_fp_infnan.o
       176          0          0          0          0         84   _printf_intcommon.o
        78          0          0          0          0        100   _printf_pad.o
         2          0          0          0          0          0   _printf_percent.o
         4          0          0          0          0          0   _printf_percent_end.o
        10          0          0          0          0          0   _printf_u.o
        10          0          0          0          0         60   _sputc.o
       346          0          0          0          0         92   aeabi_sdiv.o
       200          4        148          0          0         80   bigflt0.o
      1272         16          0          0          0        328   btod.o
        16          0          0          0          0         68   exit.o
         6          0          0          0          0        136   heapauxi.o
         0          0          0          0          0          0   indicate_semi.o
        44         10         28          0          0         76   lc_numeric_c.o
         2          0          0          0          0          0   libinit.o
        18          0          0          0          0          0   libinit2.o
         2          0          0          0          0          0   libshutdown.o
         2          0          0          0          0          0   libshutdown2.o
         8          4          0          0         96         68   libspace.o
       122          0          0          0          0         72   lludiv10.o
        40          4          0          0          0         84   noretval__2sprintf.o
         8          4          0          0          0         68   rt_locale_intlibspace.o
         2          0          0          0          0          0   rtexit.o
        10          0          0          0          0          0   rtexit2.o
        40          0          0          0          0         60   rtudiv10.o
       136          4          0          0          0         72   strcmp.o
        12          4          0          0          0         60   sys_exit.o
        62          0          0          0          0         80   sys_stackheap_outer.o
         2          0          0          0          0         68   use_no_semi.o
        46          0          0          0          0         60   cmpret.o
        84          4          0          0          0         60   f2d.o
       348          8          0          0          0        160   faddsub.o
       100          4          0          0          0         68   fcmpin.o
       352         10         64          0          0         92   fdiv.o
        94          0          0          0          0         92   fflti.o
       176          4          0          0          0         80   fmul.o
        16          6          0          0          0         68   fnan2.o
        88          4          0          0          0         76   frlef.o
        16          4          0          0          0         76   printf1.o
        94          0          0          0          0         68   retnan.o
         0          0          0          0          0          0   usenofp.o
        44          4          0          0          0         60   fpclassify.o

    ----------------------------------------------------------------------
      5918        166        257          0        100       3236   Library Totals
        18          0          0          0          4          0   (incl. Padding)

    ----------------------------------------------------------------------

      Code (inc. data)   RO Data    RW Data    ZI Data      Debug   Library Name

      4442        118        193          0         96       2276   c_p.l
      1414         44         64          0          0        900   fz_ps.l
        44          4          0          0          0         60   m_ps.l

    ----------------------------------------------------------------------
      5918        166        257          0        100       3236   Library Totals

    ----------------------------------------------------------------------

==============================================================================


      Code (inc. data)   RO Data    RW Data    ZI Data      Debug   

     15668       1088        484        148       2060     470043   Grand Totals
     15668       1088        484        148       2060     470043   ELF Image Totals
     15668       1088        484        148          0          0   ROM Totals

==============================================================================

    Total RO  Size (Code + RO Data)                16152 (  15.77kB)
    Total RW  Size (RW Data + ZI Data)              2208 (   2.16kB)
    Total ROM Size (Code + RO Data + RW Data)      16300 (  15.92kB)

==============================================================================

